Resolving dependencies...
Downloading packages...
  characters 1.4.0 (1.4.1 available)
  flutter_secure_storage_linux 1.2.3 (2.0.1 available)
  flutter_secure_storage_macos 3.1.3 (4.0.0 available)
  flutter_secure_storage_platform_interface 1.1.2 (2.0.1 available)
  flutter_secure_storage_web 1.2.1 (2.0.0 available)
  flutter_secure_storage_windows 3.1.2 (4.0.0 available)
  js 0.6.7 (0.7.2 available)
  matcher 0.12.17 (0.12.18 available)
  material_color_utilities 0.11.1 (0.13.0 available)
  test_api 0.7.7 (0.7.8 available)
Got dependencies!
10 packages have newer versions incompatible with dependency constraints.
Try `flutter pub outdated` for more information.
00:00 +0: loading /app/test/widget/main_window_test.dart                                                                                                                                               00:01 +0: loading /app/test/widget/main_window_test.dart                                                                                                                                               00:02 +0: loading /app/test/widget/main_window_test.dart                                                                                                                                               00:03 +0: loading /app/test/widget/main_window_test.dart                                                                                                                                               00:03 +0: /app/test/widget/main_window_test.dart: MainWindow creates MaterialApp                                                                                                                       00:04 +0: /app/test/widget/main_window_test.dart: MainWindow creates MaterialApp                                                                                                                       00:04 +1: /app/test/widget/main_window_test.dart: MainWindow creates MaterialApp                                                                                                                       00:04 +2: /app/test/widget/main_window_test.dart: MainWindow creates MaterialApp                                                                                                                       00:04 +3: /app/test/widget/main_window_test.dart: MainWindow creates MaterialApp                                                                                                                       00:04 +4: /app/test/widget/main_window_test.dart: MainWindow creates MaterialApp                                                                                                                       00:04 +5: /app/test/widget/main_window_test.dart: MainWindow creates MaterialApp                                                                                                                       00:04 +6: /app/test/widget/main_window_test.dart: MainWindow creates MaterialApp                                                                                                                       00:04 +7: /app/test/widget/main_window_test.dart: MainWindow creates MaterialApp                                                                                                                       00:04 +8: /app/test/widget/main_window_test.dart: MainWindow creates MaterialApp                                                                                                                       00:04 +9: /app/test/widget/main_window_test.dart: MainWindow creates MaterialApp                                                                                                                       00:04 +10: /app/test/widget/main_window_test.dart: MainWindow creates MaterialApp                                                                                                                      00:04 +11: /app/test/widget/main_window_test.dart: MainWindow creates MaterialApp                                                                                                                      00:04 +12: /app/test/widget/main_window_test.dart: MainWindow creates MaterialApp                                                                                                                      00:04 +13: /app/test/widget/main_window_test.dart: MainWindow creates MaterialApp                                                                                                                      00:04 +14: /app/test/widget/main_window_test.dart: MainWindow creates MaterialApp                                                                                                                      00:04 +15: /app/test/widget/main_window_test.dart: MainWindow creates MaterialApp                                                                                                                      00:04 +16: /app/test/widget/main_window_test.dart: MainWindow creates MaterialApp                                                                                                                      00:04 +17: /app/test/widget/main_window_test.dart: MainWindow creates MaterialApp                                                                                                                      00:04 +18: /app/test/widget/main_window_test.dart: MainWindow creates MaterialApp                                                                                                                      00:04 +19: /app/test/widget/main_window_test.dart: MainWindow creates MaterialApp                                                                                                                      00:04 +20: /app/test/widget/main_window_test.dart: MainWindow creates MaterialApp                                                                                                                      00:04 +21: /app/test/widget/main_window_test.dart: MainWindow creates MaterialApp                                                                                                                      00:04 +22: /app/test/widget/main_window_test.dart: MainWindow creates MaterialApp                                                                                                                      00:04 +23: /app/test/widget/main_window_test.dart: MainWindow creates MaterialApp                                                                                                                      00:04 +24: /app/test/functional/scheduler_service_test.dart: Timer-based Scheduling reschedule cancels old timer                                                                                       00:04 +25: /app/test/functional/scheduler_service_test.dart: Timer-based Scheduling reschedule cancels old timer                                                                                       00:04 +25: /app/test/widget/main_window_test.dart: MainWindow has correct title                                                                                                                        00:04 +26: /app/test/functional/scheduler_service_test.dart: Timer-based Scheduling cancel removes scheduled plugin                                                                                    00:04 +27: /app/test/widget/main_window_test.dart: MainWindow has light and dark theme                                                                                                                 00:04 +28: /app/test/widget/main_window_test.dart: MainWindow has light and dark theme                                                                                                                 00:05 +28: /app/test/widget/main_window_test.dart: MainWindow uses configured theme mode (default light)                                                                                               00:05 +29: /app/test/widget/main_window_test.dart: MainWindow uses configured theme mode (default light)                                                                                               00:05 +29: /app/test/widget/main_window_test.dart: MainWindow does not show debug banner                                                                                                               00:05 +30: /app/test/widget/main_window_test.dart: MainWindow does not show debug banner                                                                                                               00:05 +30: /app/test/widget/main_window_test.dart: MainScreen has NavigationRail                                                                                                                       00:05 +31: /app/test/widget/main_window_test.dart: MainScreen has NavigationRail                                                                                                                       00:05 +31: /app/test/widget/main_window_test.dart: MainScreen has 3 navigation destinations                                                                                                            00:05 +32: /app/test/widget/main_window_test.dart: MainScreen has 3 navigation destinations                                                                                                            00:05 +32: /app/test/widget/main_window_test.dart: MainScreen shows Plugins tab by default                                                                                                             00:05 +33: /app/test/widget/main_window_test.dart: MainScreen shows Plugins tab by default                                                                                                             00:05 +33: /app/test/widget/main_window_test.dart: MainScreen can navigate to Settings tab                                                                                                             00:06 +33: /app/test/widget/main_window_test.dart: MainScreen can navigate to Settings tab                                                                                                             00:06 +34: /app/test/functional/ipc_server_test.dart: IPC Server - Real HTTP GET /health returns healthy status                                                                                        00:06 +35: /app/test/widget/main_window_test.dart: MainScreen can navigate to Marketplace tab                                                                                                          00:06 +36: /app/test/widget/main_window_test.dart: MainScreen can navigate to Marketplace tab                                                                                                          00:06 +37: /app/test/widget/main_window_test.dart: MainScreen can navigate to Marketplace tab                                                                                                          00:06 +38: /app/test/widget/main_window_test.dart: MainScreen can navigate to Marketplace tab                                                                                                          00:06 +39: /app/test/widget/main_window_test.dart: MainScreen can navigate to Marketplace tab                                                                                                          00:06 +40: /app/test/widget/main_window_test.dart: MainScreen can navigate to Marketplace tab                                                                                                          00:06 +41: /app/test/widget/main_window_test.dart: MainScreen can navigate to Marketplace tab                                                                                                          00:06 +42: /app/test/widget/main_window_test.dart: MainScreen can navigate to Marketplace tab                                                                                                          00:06 +43: /app/test/widget/main_window_test.dart: MainScreen can navigate to Marketplace tab                                                                                                          00:06 +44: /app/test/widget/main_window_test.dart: MainScreen can navigate to Marketplace tab                                                                                                          00:06 +45: /app/test/widget/main_window_test.dart: MainScreen can navigate to Marketplace tab                                                                                                          00:06 +46: /app/test/widget/main_window_test.dart: MainScreen can navigate to Marketplace tab                                                                                                          00:06 +47: /app/test/widget/main_window_test.dart: MainScreen can navigate to Marketplace tab                                                                                                          00:06 +48: /app/test/widget/main_window_test.dart: MainScreen can navigate to Marketplace tab                                                                                                          00:06 +49: /app/test/widget/main_window_test.dart: MainScreen can navigate to Marketplace tab                                                                                                          00:06 +49: /app/test/widget/main_window_test.dart: MainScreen shows Crossbar branding                                                                                                                  00:06 +50: /app/test/widget/main_window_test.dart: MainScreen shows Crossbar branding                                                                                                                  00:07 +50: /app/test/widget/main_window_test.dart: MainScreen shows Crossbar branding                                                                                                                  00:07 +50: loading /app/test/functional/cli_commands_test.dart                                                                                                                                         00:07 +50: /app/test/functional/cli_commands_test.dart: CLI Commands - System getCpuUsage returns valid percentage string                                                                              00:07 +51: /app/test/functional/cli_commands_test.dart: CLI Commands - System getCpuUsage returns valid percentage string                                                                              00:07 +51: /app/test/functional/cli_commands_test.dart: CLI Commands - System getMemoryUsage returns formatted memory string                                                                           00:07 +52: /app/test/functional/cli_commands_test.dart: CLI Commands - System getMemoryUsage returns formatted memory string                                                                           00:07 +52: /app/test/functional/cli_commands_test.dart: CLI Commands - System getDiskUsage returns valid disk info                                                                                     00:07 +53: /app/test/functional/cli_commands_test.dart: CLI Commands - System getDiskUsage returns valid disk info                                                                                     00:07 +53: /app/test/functional/cli_commands_test.dart: CLI Commands - System getDiskUsage accepts path parameter                                                                                      00:07 +54: /app/test/functional/cli_commands_test.dart: CLI Commands - System getDiskUsage accepts path parameter                                                                                      00:07 +54: /app/test/functional/cli_commands_test.dart: CLI Commands - System getBatteryStatus returns string                                                                                          00:07 +55: /app/test/functional/cli_commands_test.dart: CLI Commands - System getBatteryStatus returns string                                                                                          00:07 +55: /app/test/functional/cli_commands_test.dart: CLI Commands - System getUptime returns formatted uptime                                                                                       00:07 +56: /app/test/functional/cli_commands_test.dart: CLI Commands - System getUptime returns formatted uptime                                                                                       00:07 +56: /app/test/functional/cli_commands_test.dart: CLI Commands - System getOs returns operating system name                                                                                      00:07 +57: /app/test/functional/cli_commands_test.dart: CLI Commands - System getOs returns operating system name                                                                                      00:07 +57: /app/test/functional/cli_commands_test.dart: CLI Commands - System getOsDetails returns detailed OS info                                                                                    00:07 +58: /app/test/functional/cli_commands_test.dart: CLI Commands - System getOsDetails returns detailed OS info                                                                                    00:07 +58: /app/test/functional/cli_commands_test.dart: CLI Commands - Network getNetStatus returns online or offline                                                                                  00:07 +59: /app/test/functional/cli_commands_test.dart: CLI Commands - Network getNetStatus returns online or offline                                                                                  00:07 +59: /app/test/functional/cli_commands_test.dart: CLI Commands - Network getLocalIp returns valid IP or localhost                                                                                00:07 +60: /app/test/functional/cli_commands_test.dart: CLI Commands - Network getLocalIp returns valid IP or localhost                                                                                00:07 +60: /app/test/functional/cli_commands_test.dart: CLI Commands - Network getWifiSsid returns string                                                                                              00:07 +61: /app/test/functional/cli_commands_test.dart: CLI Commands - Network getWifiSsid returns string                                                                                              00:07 +61: /app/test/functional/cli_commands_test.dart: CLI Commands - Utilities hash command produces correct MD5                                                                                     00:07 +62: /app/test/functional/cli_commands_test.dart: CLI Commands - Utilities hash command produces correct MD5                                                                                     00:07 +62: /app/test/functional/cli_commands_test.dart: CLI Commands - Utilities hash command produces correct SHA256                                                                                  00:07 +63: /app/test/functional/cli_commands_test.dart: CLI Commands - Utilities hash command produces correct SHA256                                                                                  00:07 +63: /app/test/functional/cli_commands_test.dart: CLI Commands - Utilities UUID generation produces valid format                                                                                 00:07 +64: /app/test/functional/cli_commands_test.dart: CLI Commands - Utilities UUID generation produces valid format                                                                                 00:07 +64: /app/test/functional/cli_commands_test.dart: CLI Commands - Utilities random number generation works                                                                                        00:07 +65: /app/test/functional/cli_commands_test.dart: CLI Commands - Utilities random number generation works                                                                                        00:07 +65: /app/test/functional/cli_commands_test.dart: CLI Commands - Utilities date command returns valid date                                                                                       00:07 +66: /app/test/functional/cli_commands_test.dart: CLI Commands - Utilities date command returns valid date                                                                                       00:07 +66: /app/test/functional/cli_commands_test.dart: CLI Commands - Utilities time command returns valid time                                                                                       00:07 +67: /app/test/functional/cli_commands_test.dart: CLI Commands - Utilities time command returns valid time                                                                                       00:07 +67: /app/test/functional/cli_commands_test.dart: CLI Commands - Process Info process list can be retrieved                                                                                      00:07 +68: /app/test/functional/cli_commands_test.dart: CLI Commands - Process Info process list can be retrieved                                                                                      00:07 +68: /app/test/functional/cli_commands_test.dart: CLI Commands - Process Info hostname can be retrieved                                                                                          00:07 +69: /app/test/functional/cli_commands_test.dart: CLI Commands - Process Info hostname can be retrieved                                                                                          00:07 +69: /app/test/functional/cli_commands_test.dart: CLI Commands - Process Info current user can be retrieved                                                                                      00:07 +70: /app/test/functional/cli_commands_test.dart: CLI Commands - Process Info current user can be retrieved                                                                                      00:07 +70: /app/test/functional/cli_commands_test.dart: CLI Commands - File System can read /proc/meminfo on Linux                                                                                     00:07 +71: /app/test/functional/cli_commands_test.dart: CLI Commands - File System can read /proc/meminfo on Linux                                                                                     00:07 +71: /app/test/functional/cli_commands_test.dart: CLI Commands - File System can read /proc/stat on Linux                                                                                        00:07 +72: /app/test/functional/cli_commands_test.dart: CLI Commands - File System can read /proc/stat on Linux                                                                                        00:07 +72: /app/test/functional/cli_commands_test.dart: CLI Commands - File System temp directory is accessible                                                                                        00:07 +73: /app/test/functional/cli_commands_test.dart: CLI Commands - File System temp directory is accessible                                                                                        00:07 +73: loading /app/test/functional/marketplace_service_test.dart                                                                                                                                  00:07 +73: /app/test/functional/marketplace_service_test.dart: MarketplacePlugin creates plugin with all required fields                                                                               00:07 +74: /app/test/functional/marketplace_service_test.dart: MarketplacePlugin creates plugin with all required fields                                                                               00:07 +74: /app/test/functional/marketplace_service_test.dart: MarketplacePlugin creates plugin with optional fields                                                                                   00:07 +75: /app/test/functional/marketplace_service_test.dart: MarketplacePlugin creates plugin with optional fields                                                                                   00:07 +75: /app/test/functional/marketplace_service_test.dart: MarketplacePlugin fromJson creates plugin with all fields                                                                               00:07 +76: /app/test/functional/marketplace_service_test.dart: MarketplacePlugin fromJson creates plugin with all fields                                                                               00:07 +76: /app/test/functional/marketplace_service_test.dart: MarketplacePlugin fromJson provides defaults for missing fields                                                                         00:07 +77: /app/test/functional/marketplace_service_test.dart: MarketplacePlugin fromJson provides defaults for missing fields                                                                         00:07 +77: /app/test/functional/marketplace_service_test.dart: MarketplacePlugin fromJson handles download_url fallback                                                                                00:07 +78: /app/test/functional/marketplace_service_test.dart: MarketplacePlugin fromJson handles download_url fallback                                                                                00:07 +78: /app/test/functional/marketplace_service_test.dart: MarketplacePlugin fromJson prefers downloadUrl over download_url                                                                        00:07 +79: /app/test/functional/marketplace_service_test.dart: MarketplacePlugin fromJson prefers downloadUrl over download_url                                                                        00:07 +79: /app/test/functional/marketplace_service_test.dart: MarketplacePlugin fromJson handles missing tags gracefully                                                                              00:07 +80: /app/test/functional/marketplace_service_test.dart: MarketplacePlugin fromJson handles missing tags gracefully                                                                              00:07 +80: /app/test/functional/marketplace_service_test.dart: MarketplacePlugin fromJson converts tags from dynamic list                                                                              00:07 +81: /app/test/functional/marketplace_service_test.dart: MarketplacePlugin fromJson converts tags from dynamic list                                                                              00:07 +81: /app/test/functional/marketplace_service_test.dart: MarketplacePlugin toJson creates complete JSON structure                                                                                00:07 +82: /app/test/functional/marketplace_service_test.dart: MarketplacePlugin toJson creates complete JSON structure                                                                                00:07 +82: /app/test/functional/marketplace_service_test.dart: MarketplacePlugin toJson/fromJson roundtrip preserves data                                                                              00:07 +83: /app/test/functional/marketplace_service_test.dart: MarketplacePlugin toJson/fromJson roundtrip preserves data                                                                              00:07 +83: /app/test/functional/marketplace_service_test.dart: PluginCategory has all expected categories                                                                                              00:07 +84: /app/test/functional/marketplace_service_test.dart: PluginCategory has all expected categories                                                                                              00:07 +84: /app/test/functional/marketplace_service_test.dart: PluginCategory all list contains all categories                                                                                         00:07 +85: /app/test/functional/marketplace_service_test.dart: PluginCategory all list contains all categories                                                                                         00:07 +85: /app/test/functional/marketplace_service_test.dart: PluginCategory all list has no duplicates                                                                                               00:07 +86: /app/test/functional/marketplace_service_test.dart: PluginCategory all list has no duplicates                                                                                               00:08 +86: /app/test/functional/marketplace_service_test.dart: PluginCategory all list has no duplicates                                                                                               00:08 +86: loading /app/test/functional/cli_handler_test.dart                                                                                                                                          00:08 +86: /app/test/functional/cli_handler_test.dart: CLI Handler - Version & Help --version returns version string                                                                                   00:08 +87: /app/test/functional/cli_handler_test.dart: CLI Handler - Version & Help --version returns version string                                                                                   00:08 +87: /app/test/functional/cli_handler_test.dart: CLI Handler - Version & Help -v returns version string                                                                                          00:08 +88: /app/test/functional/cli_handler_test.dart: CLI Handler - Version & Help -v returns version string                                                                                          00:08 +88: /app/test/functional/cli_handler_test.dart: CLI Handler - Version & Help --help returns usage information                                                                                   00:08 +89: /app/test/functional/cli_handler_test.dart: CLI Handler - Version & Help --help returns usage information                                                                                   00:08 +89: /app/test/functional/cli_handler_test.dart: CLI Handler - Version & Help empty args prints usage and returns error                                                                          00:08 +90: /app/test/functional/cli_handler_test.dart: CLI Handler - Version & Help empty args prints usage and returns error                                                                          00:08 +90: /app/test/functional/cli_handler_test.dart: CLI Handler - System Info cpu returns CPU percentage                                                                                            00:08 +91: /app/test/functional/cli_handler_test.dart: CLI Handler - System Info cpu returns CPU percentage                                                                                            00:08 +91: /app/test/functional/cli_handler_test.dart: CLI Handler - System Info --cpu returns CPU percentage (legacy)                                                                                 00:09 +91: /app/test/functional/cli_handler_test.dart: CLI Handler - System Info --cpu returns CPU percentage (legacy)                                                                                 00:09 +92: /app/test/functional/cli_handler_test.dart: CLI Handler - System Info --cpu returns CPU percentage (legacy)                                                                                 00:09 +92: /app/test/functional/cli_handler_test.dart: CLI Handler - System Info cpu --json returns JSON format                                                                                        00:09 +93: /app/test/functional/cli_handler_test.dart: CLI Handler - System Info cpu --json returns JSON format                                                                                        00:09 +94: /app/test/functional/cli_handler_test.dart: CLI Handler - System Info cpu --json returns JSON format                                                                                        00:09 +95: /app/test/functional/cli_handler_test.dart: CLI Handler - System Info cpu --json returns JSON format                                                                                        00:09 +96: /app/test/functional/cli_handler_test.dart: CLI Handler - System Info cpu --json returns JSON format                                                                                        00:09 +97: /app/test/functional/cli_handler_test.dart: CLI Handler - System Info cpu --json returns JSON format                                                                                        00:09 +98: /app/test/functional/cli_handler_test.dart: CLI Handler - System Info cpu --json returns JSON format                                                                                        00:09 +99: /app/test/functional/cli_handler_test.dart: CLI Handler - System Info cpu --json returns JSON format                                                                                        00:09 +100: /app/test/functional/cli_handler_test.dart: CLI Handler - System Info cpu --json returns JSON format                                                                                       00:09 +101: /app/test/functional/logger_service_test.dart: Logger Service - Error Handling logs error with exception                                                                                   00:09 +102: /app/test/functional/cli_handler_test.dart: CLI Handler - System Info memory returns memory usage                                                                                          00:09 +103: /app/test/functional/logger_service_test.dart: Logger Service - Error Handling logs error with stack trace                                                                                 00:09 +104: /app/test/functional/logger_service_test.dart: Logger Service - Error Handling logs error with stack trace                                                                                 00:09 +104: /app/test/functional/cli_handler_test.dart: CLI Handler - System Info battery returns battery status                                                                                       00:09 +105: /app/test/functional/logger_service_test.dart: Logger Service - Log Format log entries have timestamp                                                                                      00:09 +106: /app/test/functional/cli_handler_test.dart: CLI Handler - System Info uptime returns uptime                                                                                                00:09 +107: /app/test/functional/logger_service_test.dart: Logger Service - Log Format log entries have level                                                                                          00:09 +108: /app/test/functional/cli_handler_test.dart: CLI Handler - System Info disk returns disk usage                                                                                              00:09 +109: /app/test/functional/cli_handler_test.dart: CLI Handler - System Info disk returns disk usage                                                                                              00:09 +110: /app/test/functional/cli_handler_test.dart: CLI Handler - System Info disk returns disk usage                                                                                              00:09 +111: /app/test/functional/logger_service_test.dart: Logger Service - Recent Logs getRecentLogs respects line limit                                                                              00:09 +112: /app/test/functional/cli_handler_test.dart: CLI Handler - System Info os returns operating system                                                                                          00:09 +113: /app/test/functional/cli_handler_test.dart: CLI Handler - System Info os returns operating system                                                                                          00:09 +114: /app/test/functional/logger_service_test.dart: Logger Service - Search Logs searchLogs finds matching entries                                                                              00:09 +115: /app/test/functional/cli_handler_test.dart: CLI Handler - System Info kernel returns kernel info                                                                                           00:09 +116: /app/test/functional/logger_service_test.dart: Logger Service - Search Logs searchLogs is case insensitive                                                                                 00:09 +117: /app/test/functional/logger_service_test.dart: Logger Service - Search Logs searchLogs is case insensitive                                                                                 00:09 +117: /app/test/functional/logger_service_test.dart: Logger Service - Search Logs searchLogs filters by log level                                                                                00:09 +118: /app/test/functional/cli_handler_test.dart: CLI Handler - System Info arch returns architecture                                                                                            00:09 +119: /app/test/functional/logger_service_test.dart: Logger Service - Clear Logs clearLogs removes all log files                                                                                 00:09 +120: /app/test/functional/logger_service_test.dart: Logger Service - Clear Logs clearLogs removes all log files                                                                                 00:09 +121: /app/test/functional/logger_service_test.dart: Logger Service - Clear Logs clearLogs removes all log files                                                                                 00:09 +122: /app/test/functional/logger_service_test.dart: Logger Service - Clear Logs clearLogs removes all log files                                                                                 00:09 +122: /app/test/functional/cli_handler_test.dart: CLI Handler - Audio audio volume get                                                                                                           00:09 +123: /app/test/functional/cli_handler_test.dart: CLI Handler - Audio audio volume get                                                                                                           00:09 +124: /app/test/functional/cli_handler_test.dart: CLI Handler - Audio audio volume get                                                                                                           00:09 +125: /app/test/functional/logger_service_test.dart: Logger Service - Dispose dispose stops logging                                                                                              00:09 +126: /app/test/functional/cli_handler_test.dart: CLI Handler - Audio audio volume set                                                                                                           Shell: Failed to set volume
Shell: Failed to set volume
00:09 +127: /app/test/functional/cli_handler_test.dart: CLI Handler - Audio audio volume set                                                                                                           00:09 +127: /app/test/functional/cli_handler_test.dart: CLI Handler - Audio audio mute status                                                                                                          00:09 +128: /app/test/functional/cli_handler_test.dart: CLI Handler - Audio audio mute status                                                                                                          00:09 +128: /app/test/functional/cli_handler_test.dart: CLI Handler - Audio audio mute toggle                                                                                                          Shell: Failed to toggle mute
00:09 +129: /app/test/functional/cli_handler_test.dart: CLI Handler - Audio audio mute toggle                                                                                                          00:09 +129: /app/test/functional/cli_handler_test.dart: CLI Handler - Audio audio mute on                                                                                                              00:09 +130: /app/test/functional/cli_handler_test.dart: CLI Handler - Audio audio mute on                                                                                                              00:09 +130: /app/test/functional/cli_handler_test.dart: CLI Handler - Audio audio mute off                                                                                                             00:09 +131: /app/test/functional/cli_handler_test.dart: CLI Handler - Audio audio mute off                                                                                                             00:09 +131: /app/test/functional/cli_handler_test.dart: CLI Handler - Audio audio output --list                                                                                                        00:09 +132: /app/test/functional/cli_handler_test.dart: CLI Handler - Audio audio output --list                                                                                                        00:09 +132: /app/test/functional/cli_handler_test.dart: CLI Handler - Audio audio output set                                                                                                           Shell: Failed to set output
Shell: Failed to set output
00:09 +133: /app/test/functional/cli_handler_test.dart: CLI Handler - Audio audio output set                                                                                                           00:09 +133: /app/test/functional/cli_handler_test.dart: CLI Handler - Media media playing                                                                                                              00:09 +134: /app/test/functional/cli_handler_test.dart: CLI Handler - Media media playing                                                                                                              00:09 +134: /app/test/functional/cli_handler_test.dart: CLI Handler - Media media play                                                                                                                 00:09 +135: /app/test/functional/cli_handler_test.dart: CLI Handler - Media media play                                                                                                                 00:09 +135: /app/test/functional/cli_handler_test.dart: CLI Handler - Media media pause                                                                                                                00:09 +136: /app/test/functional/cli_handler_test.dart: CLI Handler - Media media pause                                                                                                                00:09 +136: /app/test/functional/cli_handler_test.dart: CLI Handler - Media media stop                                                                                                                 00:09 +137: /app/test/functional/cli_handler_test.dart: CLI Handler - Media media stop                                                                                                                 00:09 +137: /app/test/functional/cli_handler_test.dart: CLI Handler - Media media next                                                                                                                 00:09 +138: /app/test/functional/cli_handler_test.dart: CLI Handler - Media media next                                                                                                                 00:09 +138: /app/test/functional/cli_handler_test.dart: CLI Handler - Media media prev                                                                                                                 00:09 +139: /app/test/functional/cli_handler_test.dart: CLI Handler - Media media prev                                                                                                                 00:09 +139: /app/test/functional/cli_handler_test.dart: CLI Handler - Media media seek                                                                                                                 00:09 +140: /app/test/functional/cli_handler_test.dart: CLI Handler - Media media seek                                                                                                                 00:09 +140: /app/test/functional/cli_handler_test.dart: CLI Handler - Screen screen brightness get                                                                                                     00:09 +141: /app/test/functional/cli_handler_test.dart: CLI Handler - Screen screen brightness get                                                                                                     00:09 +141: /app/test/functional/cli_handler_test.dart: CLI Handler - Screen screen brightness set                                                                                                     Shell: Failed to set brightness
Shell: Failed to set brightness
00:09 +142: /app/test/functional/cli_handler_test.dart: CLI Handler - Screen screen brightness set                                                                                                     00:09 +142: /app/test/functional/cli_handler_test.dart: CLI Handler - Screen screen size                                                                                                               00:09 +143: /app/test/functional/cli_handler_test.dart: CLI Handler - Screen screen size                                                                                                               00:09 +143: /app/test/functional/cli_handler_test.dart: CLI Handler - Power power restart requires confirm                                                                                             Shell: Error: restart requires --confirm flag for safety
00:09 +144: /app/test/functional/cli_handler_test.dart: CLI Handler - Power power restart requires confirm                                                                                             00:09 +144: /app/test/functional/cli_handler_test.dart: CLI Handler - Power power shutdown requires confirm                                                                                            Shell: Error: shutdown requires --confirm flag for safety
00:09 +145: /app/test/functional/cli_handler_test.dart: CLI Handler - Power power shutdown requires confirm                                                                                            00:09 +145: /app/test/functional/cli_handler_test.dart: CLI Handler - Wallpaper & DND wallpaper get                                                                                                    00:09 +146: /app/test/functional/cli_handler_test.dart: CLI Handler - Wallpaper & DND wallpaper get                                                                                                    00:09 +146: /app/test/functional/cli_handler_test.dart: CLI Handler - Wallpaper & DND wallpaper set                                                                                                    00:09 +147: /app/test/functional/cli_handler_test.dart: CLI Handler - Wallpaper & DND wallpaper set                                                                                                    00:09 +147: /app/test/functional/cli_handler_test.dart: CLI Handler - Wallpaper & DND dnd status                                                                                                       00:09 +148: /app/test/functional/cli_handler_test.dart: CLI Handler - Wallpaper & DND dnd status                                                                                                       00:09 +148: /app/test/functional/cli_handler_test.dart: CLI Handler - Wallpaper & DND dnd set on                                                                                                       00:09 +149: /app/test/functional/cli_handler_test.dart: CLI Handler - Wallpaper & DND dnd set on                                                                                                       00:09 +149: /app/test/functional/cli_handler_test.dart: CLI Handler - Wallpaper & DND dnd set off                                                                                                      00:09 +150: /app/test/functional/cli_handler_test.dart: CLI Handler - Wallpaper & DND dnd set off                                                                                                      00:09 +150: /app/test/functional/cli_handler_test.dart: CLI Handler - Wallpaper & DND dnd toggle                                                                                                       00:09 +151: /app/test/functional/cli_handler_test.dart: CLI Handler - Wallpaper & DND dnd toggle                                                                                                       00:09 +151: /app/test/functional/cli_handler_test.dart: CLI Handler - Network & Wifi net status                                                                                                        00:09 +152: /app/test/functional/cli_handler_test.dart: CLI Handler - Network & Wifi net status                                                                                                        00:09 +152: /app/test/functional/cli_handler_test.dart: CLI Handler - Network & Wifi net ip                                                                                                            00:09 +153: /app/test/functional/cli_handler_test.dart: CLI Handler - Network & Wifi net ip                                                                                                            00:09 +153: /app/test/functional/cli_handler_test.dart: CLI Handler - Network & Wifi net ping                                                                                                          00:09 +154: /app/test/functional/cli_handler_test.dart: CLI Handler - Network & Wifi net ping                                                                                                          00:09 +154: /app/test/functional/cli_handler_test.dart: CLI Handler - Network & Wifi wifi ssid                                                                                                         00:09 +155: /app/test/functional/cli_handler_test.dart: CLI Handler - Network & Wifi wifi ssid                                                                                                         00:09 +155: /app/test/functional/cli_handler_test.dart: CLI Handler - Network & Wifi wifi status                                                                                                       00:09 +156: /app/test/functional/cli_handler_test.dart: CLI Handler - Network & Wifi wifi status                                                                                                       00:09 +156: /app/test/functional/cli_handler_test.dart: CLI Handler - Network & Wifi wifi on                                                                                                           Shell: Failed to set WiFi
Shell: Failed to set WiFi
00:09 +157: /app/test/functional/cli_handler_test.dart: CLI Handler - Network & Wifi wifi on                                                                                                           00:09 +157: /app/test/functional/cli_handler_test.dart: CLI Handler - Network & Wifi wifi off                                                                                                          Shell: Failed to set WiFi
Shell: Failed to set WiFi
00:09 +158: /app/test/functional/cli_handler_test.dart: CLI Handler - Network & Wifi wifi off                                                                                                          00:09 +158: /app/test/functional/cli_handler_test.dart: CLI Handler - Network & Wifi wifi toggle                                                                                                       Shell: Failed to set WiFi
00:09 +159: /app/test/functional/cli_handler_test.dart: CLI Handler - Network & Wifi wifi toggle                                                                                                       00:09 +159: /app/test/functional/cli_handler_test.dart: CLI Handler - Network & Wifi bluetooth status                                                                                                  00:09 +160: /app/test/functional/cli_handler_test.dart: CLI Handler - Network & Wifi bluetooth status                                                                                                  00:09 +160: /app/test/functional/cli_handler_test.dart: CLI Handler - Network & Wifi bluetooth on                                                                                                      00:09 +161: /app/test/functional/cli_handler_test.dart: CLI Handler - Network & Wifi bluetooth on                                                                                                      00:09 +161: /app/test/functional/cli_handler_test.dart: CLI Handler - Network & Wifi bluetooth off                                                                                                     00:09 +162: /app/test/functional/cli_handler_test.dart: CLI Handler - Network & Wifi bluetooth off                                                                                                     00:09 +162: /app/test/functional/cli_handler_test.dart: CLI Handler - Network & Wifi bluetooth toggle                                                                                                  00:09 +163: /app/test/functional/cli_handler_test.dart: CLI Handler - Network & Wifi bluetooth toggle                                                                                                  00:09 +163: /app/test/functional/cli_handler_test.dart: CLI Handler - Network & Wifi bluetooth devices                                                                                                 00:09 +164: /app/test/functional/cli_handler_test.dart: CLI Handler - Network & Wifi bluetooth devices                                                                                                 00:09 +164: /app/test/functional/cli_handler_test.dart: CLI Handler - Network & Wifi vpn status                                                                                                        00:10 +164: /app/test/functional/cli_handler_test.dart: CLI Handler - Network & Wifi vpn status                                                                                                        00:10 +165: /app/test/functional/cli_handler_test.dart: CLI Handler - Network & Wifi vpn status                                                                                                        00:10 +165: /app/test/functional/cli_handler_test.dart: CLI Handler - Utilities hash computes SHA256                                                                                                   00:10 +166: /app/test/functional/cli_handler_test.dart: CLI Handler - Utilities hash computes SHA256                                                                                                   00:10 +166: /app/test/functional/cli_handler_test.dart: CLI Handler - Utilities uuid generates UUID                                                                                                    00:10 +167: /app/test/functional/cli_handler_test.dart: CLI Handler - Utilities uuid generates UUID                                                                                                    00:10 +167: /app/test/functional/cli_handler_test.dart: CLI Handler - Utilities random                                                                                                                 00:10 +168: /app/test/functional/cli_handler_test.dart: CLI Handler - Utilities random                                                                                                                 00:10 +168: /app/test/functional/cli_handler_test.dart: CLI Handler - Utilities base64 encode                                                                                                          00:10 +169: /app/test/functional/cli_handler_test.dart: CLI Handler - Utilities base64 encode                                                                                                          00:10 +169: /app/test/functional/cli_handler_test.dart: CLI Handler - Utilities base64 decode                                                                                                          00:10 +170: /app/test/functional/cli_handler_test.dart: CLI Handler - Utilities base64 decode                                                                                                          00:10 +170: /app/test/functional/cli_handler_test.dart: CLI Handler - Utilities time                                                                                                                   00:10 +171: /app/test/functional/cli_handler_test.dart: CLI Handler - Utilities time                                                                                                                   00:10 +171: /app/test/functional/cli_handler_test.dart: CLI Handler - Utilities date                                                                                                                   00:10 +172: /app/test/functional/cli_handler_test.dart: CLI Handler - Utilities date                                                                                                                   00:10 +172: /app/test/functional/cli_handler_test.dart: CLI Handler - Utilities clipboard (get)                                                                                                        Shell: Error executing clipboard: ProcessException: No such file or directory
Shell:   Command: xclip -selection clipboard -o
00:10 +173: /app/test/functional/cli_handler_test.dart: CLI Handler - Utilities clipboard (get)                                                                                                        00:10 +173: /app/test/functional/cli_handler_test.dart: CLI Handler - Utilities clipboard (set)                                                                                                        Shell: Error executing clipboard: ProcessException: No such file or directory
Shell:   Command: xclip -selection clipboard -o
Shell: Error executing clipboard: ProcessException: No such file or directory
Shell:   Command: xclip -selection clipboard
00:10 +174: /app/test/functional/cli_handler_test.dart: CLI Handler - Utilities clipboard (set)                                                                                                        00:10 +174: /app/test/functional/cli_handler_test.dart: CLI Handler - Utilities exec                                                                                                                   Shell: test
00:10 +175: /app/test/functional/cli_handler_test.dart: CLI Handler - Utilities exec                                                                                                                   00:10 +175: /app/test/functional/cli_handler_test.dart: CLI Handler - Utilities notify                                                                                                                 00:10 +176: /app/test/functional/plugin_execution_test.dart: (setUpAll)                                                                                                                                00:10 +176: /app/test/functional/cli_handler_test.dart: CLI Handler - Utilities open url                                                                                                               00:10 +177: /app/test/functional/cli_handler_test.dart: CLI Handler - Utilities open url                                                                                                               00:10 +178: /app/test/functional/cli_handler_test.dart: CLI Handler - Utilities open url                                                                                                               00:10 +179: /app/test/functional/cli_handler_test.dart: CLI Handler - Utilities open url                                                                                                               00:10 +180: /app/test/functional/plugin_execution_test.dart: Plugin Execution Python plugins executes simple python plugin                                                                             00:10 +181: /app/test/functional/plugin_execution_test.dart: Plugin Execution Python plugins executes simple python plugin                                                                             00:10 +182: /app/test/functional/plugin_execution_test.dart: Plugin Execution Python plugins executes simple python plugin                                                                             00:10 +183: /app/test/functional/plugin_execution_test.dart: Plugin Execution Python plugins executes simple python plugin                                                                             00:10 +184: /app/test/functional/plugin_execution_test.dart: Plugin Execution Python plugins executes simple python plugin                                                                             Shell: Error: --lang is required
Shell: Usage: crossbar init --lang <bash|python|node|dart|go|rust> --type <clock|monitor|status|api|custom> [--name <name>]
Shell:
Shell: Supported languages: bash, python, node, dart, go, rust
Shell: Supported types: clock, monitor, status, api, custom
00:10 +185: /app/test/functional/plugin_execution_test.dart: Plugin Execution Python plugins executes simple python plugin                                                                             00:10 +186: /app/test/functional/plugin_execution_test.dart: Plugin Execution Python plugins executes simple python plugin                                                                             00:10 +186: /app/test/functional/plugin_execution_test.dart: Plugin Execution Node.js plugins executes simple node plugin                                                                              00:10 +187: /app/test/functional/plugin_execution_test.dart: Plugin Execution Node.js plugins executes simple node plugin                                                                              00:10 +187: /app/test/functional/plugin_execution_test.dart: Plugin Execution Timeout handling handles plugin timeout gracefully                                                                       00:11 +187: /app/test/functional/plugin_execution_test.dart: Plugin Execution Timeout handling handles plugin timeout gracefully                                                                       00:11 +188: /app/test/functional/plugin_execution_test.dart: Plugin Execution Timeout handling handles plugin timeout gracefully                                                                       00:11 +189: /app/test/functional/plugin_execution_test.dart: Plugin Execution Timeout handling handles plugin timeout gracefully                                                                       00:11 +190: /app/test/functional/plugin_execution_test.dart: Plugin Execution Timeout handling handles plugin timeout gracefully                                                                       00:11 +191: /app/test/functional/plugin_execution_test.dart: Plugin Execution Timeout handling handles plugin timeout gracefully                                                                       00:11 +192: /app/test/functional/plugin_execution_test.dart: Plugin Execution Timeout handling handles plugin timeout gracefully                                                                       00:11 +193: /app/test/functional/plugin_execution_test.dart: Plugin Execution Timeout handling handles plugin timeout gracefully                                                                       00:11 +194: /app/test/functional/plugin_execution_test.dart: Plugin Execution Timeout handling handles plugin timeout gracefully                                                                       00:11 +195: /app/test/functional/plugin_execution_test.dart: Plugin Execution Timeout handling handles plugin timeout gracefully                                                                       00:11 +196: /app/test/functional/plugin_execution_test.dart: Plugin Execution Timeout handling handles plugin timeout gracefully                                                                       00:11 +197: /app/test/functional/plugin_execution_test.dart: Plugin Execution Timeout handling handles plugin timeout gracefully                                                                       00:11 +198: /app/test/functional/plugin_execution_test.dart: Plugin Execution Timeout handling handles plugin timeout gracefully                                                                       00:11 +199: /app/test/functional/plugin_execution_test.dart: Plugin Execution Timeout handling handles plugin timeout gracefully                                                                       00:12 +199: /app/test/functional/plugin_execution_test.dart: Plugin Execution Timeout handling handles plugin timeout gracefully                                                                       00:12 +200: /app/test/functional/plugin_execution_test.dart: Plugin Execution Timeout handling handles plugin timeout gracefully                                                                       00:12 +201: /app/test/functional/plugin_execution_test.dart: Plugin Execution Timeout handling handles plugin timeout gracefully                                                                       00:12 +202: /app/test/functional/plugin_execution_test.dart: Plugin Execution Timeout handling handles plugin timeout gracefully                                                                       00:12 +203: /app/test/functional/plugin_execution_test.dart: Plugin Execution Timeout handling handles plugin timeout gracefully                                                                       00:12 +204: /app/test/functional/plugin_execution_test.dart: Plugin Execution Timeout handling handles plugin timeout gracefully                                                                       00:12 +205: /app/test/functional/plugin_execution_test.dart: Plugin Execution Timeout handling handles plugin timeout gracefully                                                                       00:12 +206: /app/test/functional/plugin_execution_test.dart: Plugin Execution Timeout handling handles plugin timeout gracefully                                                                       00:12 +207: /app/test/functional/plugin_execution_test.dart: Plugin Execution Timeout handling handles plugin timeout gracefully                                                                       00:12 +208: /app/test/functional/plugin_execution_test.dart: Plugin Execution Timeout handling handles plugin timeout gracefully                                                                       00:12 +209: /app/test/functional/plugin_execution_test.dart: Plugin Execution Timeout handling handles plugin timeout gracefully                                                                       00:12 +210: /app/test/functional/plugin_execution_test.dart: Plugin Execution Timeout handling handles plugin timeout gracefully                                                                       00:12 +211: /app/test/functional/plugin_execution_test.dart: Plugin Execution Timeout handling handles plugin timeout gracefully                                                                       00:12 +212: /app/test/functional/plugin_execution_test.dart: Plugin Execution Timeout handling handles plugin timeout gracefully                                                                       00:12 +212: /app/test/functional/plugin_execution_test.dart: Plugin Execution Error handling handles non-existent plugin gracefully                                                                    00:12 +213: /app/test/functional/plugin_execution_test.dart: Plugin Execution Error handling handles non-existent plugin gracefully                                                                    00:12 +213: /app/test/functional/plugin_execution_test.dart: Plugin Execution Error handling handles invalid interpreter gracefully                                                                    00:12 +214: /app/test/functional/plugin_execution_test.dart: Plugin Execution Error handling handles invalid interpreter gracefully                                                                    00:12 +214: /app/test/functional/plugin_execution_test.dart: Output Parser correctly identifies JSON output                                                                                            00:12 +215: /app/test/functional/plugin_execution_test.dart: Output Parser correctly identifies JSON output                                                                                            00:12 +215: /app/test/functional/plugin_execution_test.dart: Output Parser correctly identifies non-JSON output                                                                                        00:12 +216: /app/test/functional/plugin_execution_test.dart: Output Parser correctly identifies non-JSON output                                                                                        00:12 +216: /app/test/functional/plugin_execution_test.dart: Output Parser parses BitBar text format correctly                                                                                         00:12 +217: /app/test/functional/plugin_execution_test.dart: Output Parser parses BitBar text format correctly                                                                                         00:12 +217: /app/test/functional/plugin_execution_test.dart: Output Parser parses JSON format correctly                                                                                                00:12 +218: /app/test/functional/plugin_execution_test.dart: Output Parser parses JSON format correctly                                                                                                00:12 +218: /app/test/functional/plugin_execution_test.dart: (tearDownAll)                                                                                                                             00:13 +218: /app/test/functional/plugin_execution_test.dart: (tearDownAll)                                                                                                                             00:13 +218: loading /app/test/unit/models/plugin_output_test.dart                                                                                                                                      00:13 +218: /app/test/unit/models/plugin_output_test.dart: PluginOutput creates plugin output with required parameters                                                                                 00:13 +219: /app/test/unit/models/plugin_output_test.dart: PluginOutput creates plugin output with required parameters                                                                                 00:13 +219: /app/test/unit/models/plugin_output_test.dart: PluginOutput creates plugin output with all parameters                                                                                      00:13 +220: /app/test/unit/models/plugin_output_test.dart: PluginOutput creates plugin output with all parameters                                                                                      00:13 +220: /app/test/unit/models/plugin_output_test.dart: PluginOutput creates error output                                                                                                           00:13 +221: /app/test/unit/models/plugin_output_test.dart: PluginOutput creates error output                                                                                                           00:13 +221: /app/test/unit/models/plugin_output_test.dart: PluginOutput creates empty output                                                                                                           00:13 +222: /app/test/unit/models/plugin_output_test.dart: PluginOutput creates empty output                                                                                                           00:13 +222: /app/test/unit/models/plugin_output_test.dart: PluginOutput copyWith creates new instance                                                                                                  00:13 +223: /app/test/unit/models/plugin_output_test.dart: PluginOutput copyWith creates new instance                                                                                                  00:13 +223: /app/test/unit/models/plugin_output_test.dart: PluginOutput toJson serializes correctly                                                                                                    00:13 +224: /app/test/unit/models/plugin_output_test.dart: PluginOutput toJson serializes correctly                                                                                                    00:13 +224: /app/test/unit/models/plugin_output_test.dart: PluginOutput toString returns readable representation                                                                                       00:13 +225: /app/test/unit/models/plugin_output_test.dart: PluginOutput toString returns readable representation                                                                                       00:13 +225: /app/test/unit/models/plugin_output_test.dart: MenuItem creates menu item with text                                                                                                        00:13 +226: /app/test/unit/models/plugin_output_test.dart: MenuItem creates menu item with text                                                                                                        00:13 +226: /app/test/unit/models/plugin_output_test.dart: MenuItem creates separator                                                                                                                  00:13 +227: /app/test/unit/models/plugin_output_test.dart: MenuItem creates separator                                                                                                                  00:13 +227: /app/test/unit/models/plugin_output_test.dart: MenuItem creates menu item with bash command                                                                                                00:13 +228: /app/test/unit/models/plugin_output_test.dart: MenuItem creates menu item with bash command                                                                                                00:13 +228: /app/test/unit/models/plugin_output_test.dart: MenuItem creates menu item with href                                                                                                        00:13 +229: /app/test/unit/models/plugin_output_test.dart: MenuItem creates menu item with href                                                                                                        00:13 +229: /app/test/unit/models/plugin_output_test.dart: MenuItem creates menu item with submenu                                                                                                     00:13 +230: /app/test/unit/models/plugin_output_test.dart: MenuItem creates menu item with submenu                                                                                                     00:13 +230: /app/test/unit/models/plugin_output_test.dart: MenuItem toJson serializes correctly                                                                                                        00:13 +231: /app/test/unit/models/plugin_output_test.dart: MenuItem toJson serializes correctly                                                                                                        00:13 +231: /app/test/unit/models/plugin_output_test.dart: MenuItem toJson includes submenu                                                                                                            00:13 +232: /app/test/unit/models/plugin_output_test.dart: MenuItem toJson includes submenu                                                                                                            00:13 +232: /app/test/unit/models/plugin_output_test.dart: MenuItem fromJson deserializes correctly                                                                                                    00:13 +233: /app/test/unit/models/plugin_output_test.dart: MenuItem fromJson deserializes correctly                                                                                                    00:13 +233: /app/test/unit/models/plugin_output_test.dart: MenuItem fromJson deserializes submenu                                                                                                      00:13 +234: /app/test/unit/models/plugin_output_test.dart: MenuItem fromJson deserializes submenu                                                                                                      00:13 +234: /app/test/unit/models/plugin_output_test.dart: MenuItem copyWith creates new instance                                                                                                      00:13 +235: /app/test/unit/models/plugin_output_test.dart: MenuItem copyWith creates new instance                                                                                                      00:13 +235: /app/test/unit/models/plugin_output_test.dart: MenuItem toString returns readable representation                                                                                           00:13 +236: /app/test/unit/models/plugin_output_test.dart: MenuItem toString returns readable representation                                                                                           00:13 +236: loading /app/test/unit/models/plugin_config_test.dart                                                                                                                                      00:13 +236: /app/test/unit/models/plugin_config_test.dart: PluginConfig creates plugin config with required parameters                                                                                 00:13 +237: /app/test/unit/models/plugin_config_test.dart: PluginConfig creates plugin config with required parameters                                                                                 00:13 +237: /app/test/unit/models/plugin_config_test.dart: PluginConfig creates plugin config with settings                                                                                            00:13 +238: /app/test/unit/models/plugin_config_test.dart: PluginConfig creates plugin config with settings                                                                                            00:13 +238: /app/test/unit/models/plugin_config_test.dart: PluginConfig serializes to JSON                                                                                                             00:13 +239: /app/test/unit/models/plugin_config_test.dart: PluginConfig serializes to JSON                                                                                                             00:13 +239: /app/test/unit/models/plugin_config_test.dart: PluginConfig deserializes from JSON                                                                                                         00:13 +240: /app/test/unit/models/plugin_config_test.dart: PluginConfig deserializes from JSON                                                                                                         00:13 +240: /app/test/unit/models/plugin_config_test.dart: PluginConfig deserializes from JSON with missing optional fields                                                                            00:13 +241: /app/test/unit/models/plugin_config_test.dart: PluginConfig deserializes from JSON with missing optional fields                                                                            00:13 +241: /app/test/unit/models/plugin_config_test.dart: PluginConfig copyWith creates new instance                                                                                                  00:13 +242: /app/test/unit/models/plugin_config_test.dart: PluginConfig copyWith creates new instance                                                                                                  00:13 +242: /app/test/unit/models/plugin_config_test.dart: PluginConfig toString returns readable representation                                                                                       00:13 +243: /app/test/unit/models/plugin_config_test.dart: PluginConfig toString returns readable representation                                                                                       00:13 +243: /app/test/unit/models/plugin_config_test.dart: Setting creates setting with required parameters                                                                                            00:13 +244: /app/test/unit/models/plugin_config_test.dart: Setting creates setting with required parameters                                                                                            00:13 +244: /app/test/unit/models/plugin_config_test.dart: Setting creates setting with all parameters                                                                                                 00:13 +245: /app/test/unit/models/plugin_config_test.dart: Setting creates setting with all parameters                                                                                                 00:13 +245: /app/test/unit/models/plugin_config_test.dart: Setting serializes to JSON                                                                                                                  00:13 +246: /app/test/unit/models/plugin_config_test.dart: Setting serializes to JSON                                                                                                                  00:13 +246: /app/test/unit/models/plugin_config_test.dart: Setting serializes to JSON omits null values                                                                                                00:13 +247: /app/test/unit/models/plugin_config_test.dart: Setting serializes to JSON omits null values                                                                                                00:13 +247: /app/test/unit/models/plugin_config_test.dart: Setting deserializes from JSON                                                                                                              00:13 +248: /app/test/unit/models/plugin_config_test.dart: Setting deserializes from JSON                                                                                                              00:13 +248: /app/test/unit/models/plugin_config_test.dart: Setting copyWith creates new instance                                                                                                       00:13 +249: /app/test/unit/models/plugin_config_test.dart: Setting copyWith creates new instance                                                                                                       00:13 +249: /app/test/unit/models/plugin_config_test.dart: Setting toString returns readable representation                                                                                            00:13 +250: /app/test/unit/models/plugin_config_test.dart: Setting toString returns readable representation                                                                                            00:14 +250: /app/test/unit/models/plugin_config_test.dart: Setting toString returns readable representation                                                                                            00:14 +250: loading /app/test/unit/models/plugin_test.dart                                                                                                                                             00:14 +250: /app/test/unit/models/plugin_test.dart: Plugin creates plugin with required parameters                                                                                                     00:14 +251: /app/test/unit/models/plugin_test.dart: Plugin creates plugin with required parameters                                                                                                     00:14 +251: /app/test/unit/models/plugin_test.dart: Plugin creates plugin with all parameters                                                                                                          00:14 +252: /app/test/unit/models/plugin_test.dart: Plugin creates plugin with all parameters                                                                                                          00:14 +252: /app/test/unit/models/plugin_test.dart: Plugin creates mock plugin                                                                                                                         00:14 +253: /app/test/unit/models/plugin_test.dart: Plugin creates mock plugin                                                                                                                         00:14 +253: /app/test/unit/models/plugin_test.dart: Plugin creates mock plugin with custom values                                                                                                      00:14 +254: /app/test/unit/models/plugin_test.dart: Plugin creates mock plugin with custom values                                                                                                      00:14 +254: /app/test/unit/models/plugin_test.dart: Plugin serializes to JSON                                                                                                                          00:14 +255: /app/test/unit/models/plugin_test.dart: Plugin serializes to JSON                                                                                                                          00:14 +255: /app/test/unit/models/plugin_test.dart: Plugin deserializes from JSON                                                                                                                      00:14 +256: /app/test/unit/models/plugin_test.dart: Plugin deserializes from JSON                                                                                                                      00:14 +256: /app/test/unit/models/plugin_test.dart: Plugin deserializes from JSON with lastRun                                                                                                         00:14 +257: /app/test/unit/models/plugin_test.dart: Plugin deserializes from JSON with lastRun                                                                                                         00:14 +257: /app/test/unit/models/plugin_test.dart: Plugin copyWith creates new instance with updated values                                                                                           00:14 +258: /app/test/unit/models/plugin_test.dart: Plugin copyWith creates new instance with updated values                                                                                           00:14 +258: /app/test/unit/models/plugin_test.dart: Plugin copyWith preserves original values when not specified                                                                                       00:14 +259: /app/test/unit/models/plugin_test.dart: Plugin copyWith preserves original values when not specified                                                                                       00:14 +259: /app/test/unit/models/plugin_test.dart: Plugin toString returns readable representation                                                                                                    00:14 +260: /app/test/unit/models/plugin_test.dart: Plugin toString returns readable representation                                                                                                    00:14 +260: /app/test/unit/models/plugin_test.dart: Plugin equality comparison works correctly                                                                                                         00:14 +261: /app/test/unit/models/plugin_test.dart: Plugin equality comparison works correctly                                                                                                         00:14 +261: /app/test/unit/models/plugin_test.dart: Plugin hashCode is consistent                                                                                                                      00:14 +262: /app/test/unit/models/plugin_test.dart: Plugin hashCode is consistent                                                                                                                      00:14 +262: loading /app/test/unit/utils/file_watcher_test.dart                                                                                                                                        00:14 +262: /app/test/unit/utils/file_watcher_test.dart: FileWatcher creates with default debounce delay                                                                                               00:14 +263: /app/test/unit/utils/file_watcher_test.dart: FileWatcher creates with default debounce delay                                                                                               00:14 +263: /app/test/unit/utils/file_watcher_test.dart: FileWatcher creates with custom debounce delay                                                                                                00:14 +264: /app/test/unit/utils/file_watcher_test.dart: FileWatcher creates with custom debounce delay                                                                                                00:14 +264: /app/test/unit/utils/file_watcher_test.dart: FileWatcher creates with callback                                                                                                             00:14 +265: /app/test/unit/utils/file_watcher_test.dart: FileWatcher creates with callback                                                                                                             00:14 +265: /app/test/unit/utils/file_watcher_test.dart: FileWatcher dispose stops watcher                                                                                                             00:14 +266: /app/test/unit/utils/file_watcher_test.dart: FileWatcher dispose stops watcher                                                                                                             00:14 +266: /app/test/unit/utils/file_watcher_test.dart: FileWatcher stop can be called multiple times                                                                                                 00:14 +267: /app/test/unit/utils/file_watcher_test.dart: FileWatcher stop can be called multiple times                                                                                                 00:14 +267: /app/test/unit/utils/file_watcher_test.dart: FileWatcher watched extensions includes .sh                                                                                                   00:14 +268: /app/test/unit/utils/file_watcher_test.dart: FileWatcher watched extensions includes .sh                                                                                                   00:14 +268: /app/test/unit/utils/file_watcher_test.dart: FileWatcher watched extensions includes .py                                                                                                   00:14 +269: /app/test/unit/utils/file_watcher_test.dart: FileWatcher watched extensions includes .py                                                                                                   00:14 +269: /app/test/unit/utils/file_watcher_test.dart: FileWatcher watched extensions includes .js                                                                                                   00:14 +270: /app/test/unit/utils/file_watcher_test.dart: FileWatcher watched extensions includes .js                                                                                                   00:14 +270: /app/test/unit/utils/file_watcher_test.dart: FileWatcher watched extensions includes .dart                                                                                                 00:14 +271: /app/test/unit/utils/file_watcher_test.dart: FileWatcher watched extensions includes .dart                                                                                                 00:14 +271: /app/test/unit/utils/file_watcher_test.dart: FileWatcher watched extensions includes .go                                                                                                   00:14 +272: /app/test/unit/utils/file_watcher_test.dart: FileWatcher watched extensions includes .go                                                                                                   00:14 +272: /app/test/unit/utils/file_watcher_test.dart: FileWatcher watched extensions includes .rs                                                                                                   00:14 +273: /app/test/unit/utils/file_watcher_test.dart: FileWatcher watched extensions includes .rs                                                                                                   00:14 +273: /app/test/unit/utils/file_watcher_test.dart: FileWatcher watched extensions includes .json                                                                                                 00:14 +274: /app/test/unit/utils/file_watcher_test.dart: FileWatcher watched extensions includes .json                                                                                                 00:15 +274: /app/test/unit/utils/file_watcher_test.dart: FileWatcher watched extensions includes .json                                                                                                 00:15 +274: loading /app/test/unit/utils/logger_test.dart                                                                                                                                              00:15 +274: /app/test/unit/utils/logger_test.dart: Logger is singleton                                                                                                                                 00:15 +275: /app/test/unit/utils/logger_test.dart: Logger is singleton                                                                                                                                 00:15 +275: /app/test/unit/utils/logger_test.dart: Logger has default minLevel of info                                                                                                                 00:15 +276: /app/test/unit/utils/logger_test.dart: Logger has default minLevel of info                                                                                                                 00:15 +276: /app/test/unit/utils/logger_test.dart: Logger can set minLevel                                                                                                                             00:15 +277: /app/test/unit/utils/logger_test.dart: Logger can set minLevel                                                                                                                             00:15 +277: /app/test/unit/utils/logger_test.dart: LogLevel has correct order                                                                                                                          00:15 +278: /app/test/unit/utils/logger_test.dart: LogLevel has correct order                                                                                                                          00:15 +278: /app/test/unit/utils/logger_test.dart: LogLevel has all expected values                                                                                                                    00:15 +279: /app/test/unit/utils/logger_test.dart: LogLevel has all expected values                                                                                                                    00:15 +279: /app/test/unit/utils/logger_test.dart: LogLevel has 4 levels                                                                                                                               00:15 +280: /app/test/unit/utils/logger_test.dart: LogLevel has 4 levels                                                                                                                               00:15 +280: loading /app/test/unit/services/ipc_server_test.dart                                                                                                                                       00:15 +280: /app/test/unit/services/ipc_server_test.dart: IpcServer server lifecycle starts on specified port                                                                                          00:15 +281: /app/test/unit/services/ipc_server_test.dart: IpcServer server lifecycle starts on specified port                                                                                          00:15 +281: /app/test/unit/services/ipc_server_test.dart: IpcServer server lifecycle stops cleanly                                                                                                     00:15 +282: /app/test/unit/services/ipc_server_test.dart: IpcServer server lifecycle stops cleanly                                                                                                     00:15 +282: /app/test/unit/services/ipc_server_test.dart: IpcServer server lifecycle start returns true if already running                                                                             00:15 +283: /app/test/unit/services/ipc_server_test.dart: IpcServer server lifecycle start returns true if already running                                                                             00:15 +283: /app/test/unit/services/ipc_server_test.dart: IpcServer server lifecycle default port is 48291                                                                                             00:15 +284: /app/test/unit/services/ipc_server_test.dart: IpcServer server lifecycle default port is 48291                                                                                             00:15 +284: /app/test/unit/services/ipc_server_test.dart: IpcServer server lifecycle host is localhost                                                                                                 00:15 +285: /app/test/unit/services/ipc_server_test.dart: IpcServer server lifecycle host is localhost                                                                                                 00:15 +285: /app/test/unit/services/ipc_server_test.dart: IpcServer health endpoint GET /health returns healthy status                                                                                 00:15 +286: /app/test/unit/services/ipc_server_test.dart: IpcServer health endpoint GET /health returns healthy status                                                                                 00:16 +286: /app/test/unit/services/ipc_server_test.dart: IpcServer status endpoint GET /status returns server status                                                                                  00:16 +287: /app/test/unit/services/ipc_server_test.dart: IpcServer status endpoint GET /status returns server status                                                                                  00:16 +287: /app/test/unit/services/ipc_server_test.dart: IpcServer plugins endpoint GET /plugins returns plugin list                                                                                  00:16 +288: /app/test/unit/services/ipc_server_test.dart: IpcServer plugins endpoint GET /plugins returns plugin list                                                                                  00:16 +288: /app/test/unit/services/ipc_server_test.dart: IpcServer not found endpoint GET /unknown returns 404                                                                                        00:16 +289: /app/test/unit/services/ipc_server_test.dart: IpcServer not found endpoint GET /unknown returns 404                                                                                        00:16 +289: /app/test/unit/services/ipc_server_test.dart: IpcServer method not allowed POST /health returns 405                                                                                        00:16 +290: /app/test/unit/services/ipc_server_test.dart: IpcServer method not allowed POST /health returns 405                                                                                        00:16 +290: /app/test/unit/services/ipc_server_test.dart: IpcServer method not allowed PUT /status returns 405                                                                                         00:16 +291: /app/test/unit/services/ipc_server_test.dart: IpcServer method not allowed PUT /status returns 405                                                                                         00:16 +291: /app/test/unit/services/ipc_server_test.dart: IpcServer CORS headers includes CORS headers in response                                                                                     00:16 +292: /app/test/unit/services/ipc_server_test.dart: IpcServer CORS headers includes CORS headers in response                                                                                     00:16 +292: /app/test/unit/services/ipc_server_test.dart: IpcServer JSON content type returns JSON content type                                                                                        00:16 +293: /app/test/unit/services/ipc_server_test.dart: IpcServer JSON content type returns JSON content type                                                                                        00:16 +293: /app/test/unit/services/ipc_server_test.dart: IpcServer plugin actions PUT /plugins/:id/disable disables plugin                                                                            00:16 +294: /app/test/unit/services/ipc_server_test.dart: IpcServer plugin actions PUT /plugins/:id/disable disables plugin                                                                            00:16 +294: /app/test/unit/services/ipc_server_test.dart: IpcServer plugin actions PUT /plugins/:id/enable enables plugin                                                                              00:16 +295: /app/test/unit/services/ipc_server_test.dart: IpcServer plugin actions PUT /plugins/:id/enable enables plugin                                                                              00:16 +295: /app/test/unit/services/ipc_server_test.dart: IpcServer plugin actions POST /plugins/:id/run runs plugin                                                                                   00:16 +296: /app/test/unit/services/ipc_server_test.dart: IpcServer plugin actions POST /plugins/:id/run runs plugin                                                                                   00:16 +296: loading /app/test/unit/services/window_service_test.dart                                                                                                                                   00:16 +296: /app/test/unit/services/window_service_test.dart: WindowService show calls show and focus                                                                                                  00:16 +297: /app/test/unit/services/window_service_test.dart: WindowService show calls show and focus                                                                                                  00:16 +297: /app/test/unit/services/window_service_test.dart: WindowService hide calls hide                                                                                                            00:16 +298: /app/test/unit/services/window_service_test.dart: WindowService hide calls hide                                                                                                            00:16 +298: /app/test/unit/services/window_service_test.dart: WindowService quit calls destroy                                                                                                         00:16 +299: /app/test/unit/services/window_service_test.dart: WindowService quit calls destroy                                                                                                         00:17 +299: /app/test/unit/services/window_service_test.dart: WindowService quit calls destroy                                                                                                         00:17 +299: loading /app/test/unit/services/settings_service_test.dart                                                                                                                                 00:17 +299: /app/test/unit/services/settings_service_test.dart: SettingsService Initial values are correct (defaults)                                                                                  00:17 +300: /app/test/unit/services/settings_service_test.dart: SettingsService Initial values are correct (defaults)                                                                                  00:17 +300: /app/test/unit/services/settings_service_test.dart: SettingsService Values are persisted                                                                                                   00:17 +301: /app/test/unit/services/settings_service_test.dart: SettingsService Values are persisted                                                                                                   00:17 +301: /app/test/unit/services/settings_service_test.dart: SettingsService Listeners are notified                                                                                                 00:17 +302: /app/test/unit/services/settings_service_test.dart: SettingsService Listeners are notified                                                                                                 00:17 +302: loading /app/test/unit/services/tray_service_test.dart                                                                                                                                     00:17 +302: /app/test/unit/services/tray_service_test.dart: TrayService init sets icon and menu                                                                                                        00:17 +303: /app/test/unit/services/tray_service_test.dart: TrayService init sets icon and menu                                                                                                        00:17 +303: /app/test/unit/services/tray_service_test.dart: TrayService updatePluginOutput updates title for first plugin                                                                              00:18 +303 -1: /app/test/unit/services/tray_service_test.dart: TrayService updatePluginOutput updates title for first plugin                                                                           00:18 +303 -1: /app/test/unit/services/tray_service_test.dart: TrayService updatePluginOutput updates title for first plugin [E]
  Expected: non-empty
    Actual: WhereIterable<MethodCall>:[]

  package:matcher                                     expect
  package:flutter_test/src/widget_tester.dart 473:18  expect
  test/unit/services/tray_service_test.dart 89:7      main.<fn>.<fn>


To run this test again: /home/jules/flutter/bin/cache/dart-sdk/bin/dart test /app/test/unit/services/tray_service_test.dart -p vm --plain-name 'TrayService updatePluginOutput updates title for first plugin'
00:18 +303 -1: /app/test/unit/services/tray_service_test.dart: TrayService updatePluginOutput does NOT update title for other plugins                                                                  00:18 +304 -1: /app/test/unit/services/tray_service_test.dart: TrayService updatePluginOutput does NOT update title for other plugins                                                                  00:18 +304 -1: loading /app/test/unit/core/script_runner_test.dart                                                                                                                                     00:18 +304 -1: /app/test/unit/core/script_runner_test.dart: ScriptRunner with MockProcessRunner runs plugin and returns parsed output                                                                  00:18 +305 -1: /app/test/unit/core/script_runner_test.dart: ScriptRunner with MockProcessRunner runs plugin and returns parsed output                                                                  00:18 +305 -1: /app/test/unit/core/script_runner_test.dart: ScriptRunner with MockProcessRunner handles non-zero exit code                                                                             00:18 +306 -1: /app/test/unit/core/script_runner_test.dart: ScriptRunner with MockProcessRunner handles non-zero exit code                                                                             00:18 +306 -1: /app/test/unit/core/script_runner_test.dart: ScriptRunner with MockProcessRunner returns empty output for empty script result                                                           00:18 +307 -1: /app/test/unit/core/script_runner_test.dart: ScriptRunner with MockProcessRunner returns empty output for empty script result                                                           00:18 +307 -1: /app/test/unit/core/script_runner_test.dart: ScriptRunner with MockProcessRunner parses BitBar text format                                                                              00:18 +308 -1: /app/test/unit/core/script_runner_test.dart: ScriptRunner with MockProcessRunner parses BitBar text format                                                                              00:18 +308 -1: /app/test/unit/core/script_runner_test.dart: ScriptRunner environment variables default timeout is 30 seconds                                                                           00:18 +309 -1: /app/test/unit/core/script_runner_test.dart: ScriptRunner environment variables default timeout is 30 seconds                                                                           00:18 +309 -1: /app/test/unit/core/script_runner_test.dart: ScriptRunner environment variables version is set                                                                                          00:18 +310 -1: /app/test/unit/core/script_runner_test.dart: ScriptRunner environment variables version is set                                                                                          00:18 +310 -1: /app/test/unit/core/script_runner_test.dart: MockProcessRunner returns configured output                                                                                                00:18 +311 -1: /app/test/unit/core/script_runner_test.dart: MockProcessRunner returns configured output                                                                                                00:18 +311 -1: /app/test/unit/core/script_runner_test.dart: MockProcessRunner returns empty output for unknown path                                                                                    00:18 +312 -1: /app/test/unit/core/script_runner_test.dart: MockProcessRunner returns empty output for unknown path                                                                                    00:18 +312 -1: /app/test/unit/core/script_runner_test.dart: SystemProcessRunner exists and is const constructible                                                                                      00:18 +313 -1: /app/test/unit/core/script_runner_test.dart: SystemProcessRunner exists and is const constructible                                                                                      00:19 +313 -1: /app/test/unit/core/script_runner_test.dart: SystemProcessRunner exists and is const constructible                                                                                      00:19 +313 -1: loading /app/test/unit/core/output_parser_test.dart                                                                                                                                     00:19 +313 -1: /app/test/unit/core/output_parser_test.dart: OutputParser isJson returns true for valid JSON object                                                                                     00:19 +314 -1: /app/test/unit/core/output_parser_test.dart: OutputParser isJson returns true for valid JSON object                                                                                     00:19 +314 -1: /app/test/unit/core/output_parser_test.dart: OutputParser isJson returns false for non-JSON text                                                                                        00:19 +315 -1: /app/test/unit/core/output_parser_test.dart: OutputParser isJson returns false for non-JSON text                                                                                        00:19 +315 -1: /app/test/unit/core/output_parser_test.dart: OutputParser isJson returns false for JSON arrays                                                                                          00:19 +316 -1: /app/test/unit/core/output_parser_test.dart: OutputParser isJson returns false for JSON arrays                                                                                          00:19 +316 -1: /app/test/unit/core/output_parser_test.dart: OutputParser parse - BitBar text format parses simple text output                                                                          00:19 +317 -1: /app/test/unit/core/output_parser_test.dart: OutputParser parse - BitBar text format parses simple text output                                                                          00:19 +317 -1: /app/test/unit/core/output_parser_test.dart: OutputParser parse - BitBar text format parses text with emoji icon                                                                        00:19 +318 -1: /app/test/unit/core/output_parser_test.dart: OutputParser parse - BitBar text format parses text with emoji icon                                                                        00:19 +318 -1: /app/test/unit/core/output_parser_test.dart: OutputParser parse - BitBar text format parses text with color attribute                                                                   00:19 +319 -1: /app/test/unit/core/output_parser_test.dart: OutputParser parse - BitBar text format parses text with color attribute                                                                   00:19 +319 -1: /app/test/unit/core/output_parser_test.dart: OutputParser parse - BitBar text format parses menu items after separator                                                                  00:19 +320 -1: /app/test/unit/core/output_parser_test.dart: OutputParser parse - BitBar text format parses menu items after separator                                                                  00:19 +320 -1: /app/test/unit/core/output_parser_test.dart: OutputParser parse - BitBar text format parses menu item with color                                                                        00:19 +321 -1: /app/test/unit/core/output_parser_test.dart: OutputParser parse - BitBar text format parses menu item with color                                                                        00:19 +321 -1: /app/test/unit/core/output_parser_test.dart: OutputParser parse - BitBar text format handles empty output                                                                               00:19 +322 -1: /app/test/unit/core/output_parser_test.dart: OutputParser parse - BitBar text format handles empty output                                                                               00:19 +322 -1: /app/test/unit/core/output_parser_test.dart: OutputParser parse - BitBar text format handles whitespace-only output                                                                     00:19 +323 -1: /app/test/unit/core/output_parser_test.dart: OutputParser parse - BitBar text format handles whitespace-only output                                                                     00:19 +323 -1: /app/test/unit/core/output_parser_test.dart: OutputParser parse - BitBar text format ignores content before separator                                                                   00:19 +324 -1: /app/test/unit/core/output_parser_test.dart: OutputParser parse - BitBar text format ignores content before separator                                                                   00:19 +324 -1: /app/test/unit/core/output_parser_test.dart: OutputParser parse - JSON format parses simple JSON output                                                                                 00:19 +325 -1: /app/test/unit/core/output_parser_test.dart: OutputParser parse - JSON format parses simple JSON output                                                                                 00:19 +325 -1: /app/test/unit/core/output_parser_test.dart: OutputParser parse - JSON format parses JSON with tray tooltip                                                                             00:19 +326 -1: /app/test/unit/core/output_parser_test.dart: OutputParser parse - JSON format parses JSON with tray tooltip                                                                             00:19 +326 -1: /app/test/unit/core/output_parser_test.dart: OutputParser parse - JSON format parses JSON with menu                                                                                     00:19 +327 -1: /app/test/unit/core/output_parser_test.dart: OutputParser parse - JSON format parses JSON with menu                                                                                     00:19 +327 -1: /app/test/unit/core/output_parser_test.dart: OutputParser parse - JSON format parses JSON with nested submenu                                                                           00:19 +328 -1: /app/test/unit/core/output_parser_test.dart: OutputParser parse - JSON format parses JSON with nested submenu                                                                           00:19 +328 -1: /app/test/unit/core/output_parser_test.dart: OutputParser parse - JSON format parses JSON with color                                                                                    00:19 +329 -1: /app/test/unit/core/output_parser_test.dart: OutputParser parse - JSON format parses JSON with color                                                                                    00:19 +329 -1: /app/test/unit/core/output_parser_test.dart: OutputParser parse - JSON format handles missing optional fields                                                                           00:19 +330 -1: /app/test/unit/core/output_parser_test.dart: OutputParser parse - JSON format handles missing optional fields                                                                           00:19 +330 -1: /app/test/unit/core/output_parser_test.dart: OutputParser parse - error handling returns error for invalid JSON                                                                         00:19 +331 -1: /app/test/unit/core/output_parser_test.dart: OutputParser parse - error handling returns error for invalid JSON                                                                         00:19 +331 -1: /app/test/unit/core/output_parser_test.dart: OutputParser color parsing parses named colors                                                                                             00:19 +332 -1: /app/test/unit/core/output_parser_test.dart: OutputParser color parsing parses named colors                                                                                             00:19 +332 -1: /app/test/unit/core/output_parser_test.dart: OutputParser color parsing parses hex colors                                                                                               00:19 +333 -1: /app/test/unit/core/output_parser_test.dart: OutputParser color parsing parses hex colors                                                                                               00:19 +333 -1: /app/test/unit/core/output_parser_test.dart: OutputParser color parsing parses short hex colors                                                                                         00:19 +334 -1: /app/test/unit/core/output_parser_test.dart: OutputParser color parsing parses short hex colors                                                                                         00:19 +334 -1: /app/test/unit/core/output_parser_test.dart: OutputParser color parsing returns null for invalid color                                                                                  00:19 +335 -1: /app/test/unit/core/output_parser_test.dart: OutputParser color parsing returns null for invalid color                                                                                  00:19 +335 -1: loading /app/test/unit/core/plugin_discovery_logic_test.dart                                                                                                                            00:19 +335 -1: /app/test/unit/core/plugin_discovery_logic_test.dart: PluginManager Discovery Logic discovers plugins in root and first-level subdirectories                                            00:19 +336 -1: /app/test/unit/core/plugin_discovery_logic_test.dart: PluginManager Discovery Logic discovers plugins in root and first-level subdirectories                                            00:19 +336 -1: /app/test/unit/core/plugin_discovery_logic_test.dart: PluginManager Discovery Logic discovers .off. plugins as disabled                                                                 00:19 +337 -1: /app/test/unit/core/plugin_discovery_logic_test.dart: PluginManager Discovery Logic discovers .off. plugins as disabled                                                                 00:19 +337 -1: /app/test/unit/core/plugin_discovery_logic_test.dart: PluginManager Discovery Logic discovers non-executable plugins as disabled (Unix)                                                 00:19 +338 -1: /app/test/unit/core/plugin_discovery_logic_test.dart: PluginManager Discovery Logic discovers non-executable plugins as disabled (Unix)                                                 00:19 +338 -1: /app/test/unit/core/plugin_discovery_logic_test.dart: PluginManager Discovery Logic enablePlugin renames file if contains .off.                                                         00:19 +339 -1: /app/test/unit/core/plugin_discovery_logic_test.dart: PluginManager Discovery Logic enablePlugin renames file if contains .off.                                                         00:19 +339 -1: /app/test/unit/core/plugin_discovery_logic_test.dart: PluginManager Discovery Logic disablePlugin renames file to contain .off.                                                         00:19 +340 -1: /app/test/unit/core/plugin_discovery_logic_test.dart: PluginManager Discovery Logic disablePlugin renames file to contain .off.                                                         00:19 +340 -1: /app/test/unit/core/plugin_discovery_logic_test.dart: PluginManager Discovery Logic enablePlugin changes permission (Unix)                                                              00:19 +341 -1: /app/test/unit/core/plugin_discovery_logic_test.dart: PluginManager Discovery Logic enablePlugin changes permission (Unix)                                                              00:20 +341 -1: /app/test/unit/core/plugin_discovery_logic_test.dart: PluginManager Discovery Logic enablePlugin changes permission (Unix)                                                              00:20 +341 -1: loading /app/test/unit/core/plugin_manager_test.dart                                                                                                                                    00:20 +341 -1: /app/test/unit/core/plugin_manager_test.dart: PluginManager singleton returns same instance                                                                                             00:20 +342 -1: /app/test/unit/core/plugin_manager_test.dart: PluginManager singleton returns same instance                                                                                             00:20 +342 -1: /app/test/unit/core/plugin_manager_test.dart: PluginManager supportedLanguages contains all expected languages                                                                          00:20 +343 -1: /app/test/unit/core/plugin_manager_test.dart: PluginManager supportedLanguages contains all expected languages                                                                          00:20 +343 -1: /app/test/unit/core/plugin_manager_test.dart: PluginManager supportedLanguages has 6 supported languages                                                                                00:20 +344 -1: /app/test/unit/core/plugin_manager_test.dart: PluginManager supportedLanguages has 6 supported languages                                                                                00:20 +344 -1: /app/test/unit/core/plugin_manager_test.dart: PluginManager extensionToInterpreter maps .sh to bash                                                                                     00:20 +345 -1: /app/test/unit/core/plugin_manager_test.dart: PluginManager extensionToInterpreter maps .sh to bash                                                                                     00:20 +345 -1: /app/test/unit/core/plugin_manager_test.dart: PluginManager extensionToInterpreter maps .py to python3                                                                                  00:20 +346 -1: /app/test/unit/core/plugin_manager_test.dart: PluginManager extensionToInterpreter maps .py to python3                                                                                  00:20 +346 -1: /app/test/unit/core/plugin_manager_test.dart: PluginManager extensionToInterpreter maps .js to node                                                                                     00:20 +347 -1: /app/test/unit/core/plugin_manager_test.dart: PluginManager extensionToInterpreter maps .js to node                                                                                     00:20 +347 -1: /app/test/unit/core/plugin_manager_test.dart: PluginManager extensionToInterpreter maps .dart to dart                                                                                   00:20 +348 -1: /app/test/unit/core/plugin_manager_test.dart: PluginManager extensionToInterpreter maps .dart to dart                                                                                   00:20 +348 -1: /app/test/unit/core/plugin_manager_test.dart: PluginManager extensionToInterpreter maps .go to go                                                                                       00:20 +349 -1: /app/test/unit/core/plugin_manager_test.dart: PluginManager extensionToInterpreter maps .go to go                                                                                       00:20 +349 -1: /app/test/unit/core/plugin_manager_test.dart: PluginManager extensionToInterpreter maps .rs to rust                                                                                     00:20 +350 -1: /app/test/unit/core/plugin_manager_test.dart: PluginManager extensionToInterpreter maps .rs to rust                                                                                     00:20 +350 -1: /app/test/unit/core/plugin_manager_test.dart: PluginManager allowedExtensions contains all expected extensions                                                                          00:20 +351 -1: /app/test/unit/core/plugin_manager_test.dart: PluginManager allowedExtensions contains all expected extensions                                                                          00:20 +351 -1: /app/test/unit/core/plugin_manager_test.dart: PluginManager plugins returns unmodifiable list                                                                                           00:20 +352 -1: /app/test/unit/core/plugin_manager_test.dart: PluginManager plugins returns unmodifiable list                                                                                           00:20 +352 -1: /app/test/unit/core/plugin_manager_test.dart: PluginManager plugins initially empty                                                                                                     00:20 +353 -1: /app/test/unit/core/plugin_manager_test.dart: PluginManager plugins initially empty                                                                                                     00:20 +353 -1: /app/test/unit/core/plugin_manager_test.dart: PluginManager pluginsDirectory returns path ending with .crossbar/plugins or plugins                                                      00:20 +354 -1: /app/test/unit/core/plugin_manager_test.dart: PluginManager pluginsDirectory returns path ending with .crossbar/plugins or plugins                                                      00:20 +354 -1: /app/test/unit/core/plugin_manager_test.dart: PluginManager maxConcurrent is 10                                                                                                         00:20 +355 -1: /app/test/unit/core/plugin_manager_test.dart: PluginManager maxConcurrent is 10                                                                                                         00:20 +355 -1: /app/test/unit/core/plugin_manager_test.dart: PluginManager clear empties plugins list                                                                                                  00:20 +356 -1: /app/test/unit/core/plugin_manager_test.dart: PluginManager clear empties plugins list                                                                                                  00:20 +356 -1: /app/test/unit/core/plugin_manager_test.dart: PluginManager refresh interval parsing parses seconds interval                                                                            00:20 +357 -1: /app/test/unit/core/plugin_manager_test.dart: PluginManager refresh interval parsing parses seconds interval                                                                            00:20 +357 -1: /app/test/unit/core/plugin_manager_test.dart: Refresh Interval Parsing minimum interval is 1 second                                                                                     00:20 +358 -1: /app/test/unit/core/plugin_manager_test.dart: Refresh Interval Parsing minimum interval is 1 second                                                                                     00:20 +358 -1: /app/test/unit/core/plugin_manager_test.dart: Refresh Interval Parsing default interval is 5 minutes                                                                                    00:20 +359 -1: /app/test/unit/core/plugin_manager_test.dart: Refresh Interval Parsing default interval is 5 minutes                                                                                    00:20 +359 -1: loading /app/test/unit/core/api/network_api_test.dart                                                                                                                                   00:20 +359 -1: /app/test/unit/core/api/network_api_test.dart: NetworkApi getNetStatus returns online or offline                                                                                        00:20 +360 -1: /app/test/unit/core/api/network_api_test.dart: NetworkApi getNetStatus returns online or offline                                                                                        00:20 +360 -1: /app/test/unit/core/api/network_api_test.dart: NetworkApi getLocalIp returns an IP address                                                                                              00:20 +361 -1: /app/test/unit/core/api/network_api_test.dart: NetworkApi getLocalIp returns an IP address                                                                                              00:20 +361 -1: /app/test/unit/core/api/network_api_test.dart: NetworkApi getLocalIp returns valid IPv4 format or localhost                                                                             00:20 +362 -1: /app/test/unit/core/api/network_api_test.dart: NetworkApi getLocalIp returns valid IPv4 format or localhost                                                                             00:20 +362 -1: /app/test/unit/core/api/network_api_test.dart: NetworkApi getPublicIp returns a string                                                                                                  00:20 +362 -1: /app/test/unit/core/api/network_api_test.dart: NetworkApi getPublicIp returns a string
  Skip: Requires network access
00:20 +362 ~1 -1: /app/test/unit/core/api/network_api_test.dart: NetworkApi getPublicIp returns a string                                                                                               00:20 +362 ~1 -1: /app/test/unit/core/api/network_api_test.dart: NetworkApi getWifiSsid returns a string                                                                                               00:20 +363 ~1 -1: /app/test/unit/core/api/network_api_test.dart: NetworkApi getWifiSsid returns a string                                                                                               00:20 +363 ~1 -1: /app/test/unit/core/api/network_api_test.dart: NetworkApi ping returns result string                                                                                                 00:20 +364 ~1 -1: /app/test/unit/core/api/network_api_test.dart: NetworkApi ping returns result string                                                                                                 00:20 +364 ~1 -1: /app/test/unit/core/api/network_api_test.dart: NetworkApi ping returns ms value, timeout, or error                                                                                   00:20 +365 ~1 -1: /app/test/unit/core/api/network_api_test.dart: NetworkApi ping returns ms value, timeout, or error                                                                                   00:20 +365 ~1 -1: /app/test/unit/core/api/network_api_test.dart: NetworkApi makeRequest throws on invalid URL                                                                                          00:20 +366 ~1 -1: /app/test/unit/core/api/network_api_test.dart: NetworkApi makeRequest throws on invalid URL                                                                                          00:20 +366 ~1 -1: /app/test/unit/core/api/network_api_test.dart: NetworkApi setWifi returns boolean                                                                                                    00:20 +366 ~1 -1: /app/test/unit/core/api/network_api_test.dart: NetworkApi setWifi returns boolean
  Skip: Requires system permissions
00:20 +366 ~2 -1: /app/test/unit/core/api/network_api_test.dart: NetworkApi setWifi returns boolean                                                                                                    00:20 +366 ~2 -1: /app/test/unit/core/api/network_api_test.dart: NetworkApi getBluetoothStatus returns a string                                                                                        00:20 +367 ~2 -1: /app/test/unit/core/api/network_api_test.dart: NetworkApi getBluetoothStatus returns a string                                                                                        00:20 +367 ~2 -1: /app/test/unit/core/api/network_api_test.dart: NetworkApi getBluetoothStatus returns on, off, or unknown                                                                             00:20 +368 ~2 -1: /app/test/unit/core/api/network_api_test.dart: NetworkApi getBluetoothStatus returns on, off, or unknown                                                                             00:21 +368 ~2 -1: /app/test/unit/core/api/network_api_test.dart: NetworkApi getBluetoothStatus returns on, off, or unknown                                                                             00:21 +368 ~2 -1: loading /app/test/unit/core/api/media_api_test.dart                                                                                                                                  00:21 +368 ~2 -1: /app/test/unit/core/api/media_api_test.dart: MediaApi Playback Controls play returns boolean                                                                                         00:21 +369 ~2 -1: /app/test/unit/core/api/media_api_test.dart: MediaApi Playback Controls play returns boolean                                                                                         00:21 +369 ~2 -1: /app/test/unit/core/api/media_api_test.dart: MediaApi Playback Controls pause returns boolean                                                                                        00:21 +370 ~2 -1: /app/test/unit/core/api/media_api_test.dart: MediaApi Playback Controls pause returns boolean                                                                                        00:21 +370 ~2 -1: /app/test/unit/core/api/media_api_test.dart: MediaApi Playback Controls playPause returns boolean                                                                                    00:21 +371 ~2 -1: /app/test/unit/core/api/media_api_test.dart: MediaApi Playback Controls playPause returns boolean                                                                                    00:21 +371 ~2 -1: /app/test/unit/core/api/media_api_test.dart: MediaApi Playback Controls stop returns boolean                                                                                         00:21 +372 ~2 -1: /app/test/unit/core/api/media_api_test.dart: MediaApi Playback Controls stop returns boolean                                                                                         00:21 +372 ~2 -1: /app/test/unit/core/api/media_api_test.dart: MediaApi Playback Controls next returns boolean                                                                                         00:21 +373 ~2 -1: /app/test/unit/core/api/media_api_test.dart: MediaApi Playback Controls next returns boolean                                                                                         00:21 +373 ~2 -1: /app/test/unit/core/api/media_api_test.dart: MediaApi Playback Controls previous returns boolean                                                                                     00:21 +374 ~2 -1: /app/test/unit/core/api/media_api_test.dart: MediaApi Playback Controls previous returns boolean                                                                                     00:21 +374 ~2 -1: /app/test/unit/core/api/media_api_test.dart: MediaApi Playback Controls seek returns boolean                                                                                         00:21 +375 ~2 -1: /app/test/unit/core/api/media_api_test.dart: MediaApi Playback Controls seek returns boolean                                                                                         00:21 +375 ~2 -1: /app/test/unit/core/api/media_api_test.dart: MediaApi Playback Controls seek parses offset without s suffix                                                                          00:21 +376 ~2 -1: /app/test/unit/core/api/media_api_test.dart: MediaApi Playback Controls seek parses offset without s suffix                                                                          00:21 +376 ~2 -1: /app/test/unit/core/api/media_api_test.dart: MediaApi Playback Controls seek handles negative offset                                                                                 00:21 +377 ~2 -1: /app/test/unit/core/api/media_api_test.dart: MediaApi Playback Controls seek handles negative offset                                                                                 00:21 +377 ~2 -1: /app/test/unit/core/api/media_api_test.dart: MediaApi getPlaying returns map with status                                                                                             00:21 +378 ~2 -1: /app/test/unit/core/api/media_api_test.dart: MediaApi getPlaying returns map with status                                                                                             00:21 +378 ~2 -1: /app/test/unit/core/api/media_api_test.dart: MediaApi getPlaying returns playing boolean                                                                                             00:21 +379 ~2 -1: /app/test/unit/core/api/media_api_test.dart: MediaApi getPlaying returns playing boolean                                                                                             00:21 +379 ~2 -1: /app/test/unit/core/api/media_api_test.dart: MediaApi Volume Controls getVolume returns int                                                                                          00:21 +380 ~2 -1: /app/test/unit/core/api/media_api_test.dart: MediaApi Volume Controls getVolume returns int                                                                                          00:21 +380 ~2 -1: /app/test/unit/core/api/media_api_test.dart: MediaApi Volume Controls getVolume returns value >= 0                                                                                   00:21 +381 ~2 -1: /app/test/unit/core/api/media_api_test.dart: MediaApi Volume Controls getVolume returns value >= 0                                                                                   00:21 +381 ~2 -1: /app/test/unit/core/api/media_api_test.dart: MediaApi Volume Controls setVolume returns boolean                                                                                      00:21 +382 ~2 -1: /app/test/unit/core/api/media_api_test.dart: MediaApi Volume Controls setVolume returns boolean                                                                                      00:21 +382 ~2 -1: /app/test/unit/core/api/media_api_test.dart: MediaApi Volume Controls setVolume clamps values to 0-100                                                                               00:21 +383 ~2 -1: /app/test/unit/core/api/media_api_test.dart: MediaApi Volume Controls setVolume clamps values to 0-100                                                                               00:21 +383 ~2 -1: /app/test/unit/core/api/media_api_test.dart: MediaApi Volume Controls isMuted returns boolean                                                                                        00:21 +384 ~2 -1: /app/test/unit/core/api/media_api_test.dart: MediaApi Volume Controls isMuted returns boolean                                                                                        00:21 +384 ~2 -1: /app/test/unit/core/api/media_api_test.dart: MediaApi Volume Controls toggleMute returns boolean                                                                                     00:21 +385 ~2 -1: /app/test/unit/core/api/media_api_test.dart: MediaApi Volume Controls toggleMute returns boolean                                                                                     00:21 +385 ~2 -1: /app/test/unit/core/api/media_api_test.dart: MediaApi Volume Controls setMute returns boolean                                                                                        00:21 +386 ~2 -1: /app/test/unit/core/api/media_api_test.dart: MediaApi Volume Controls setMute returns boolean                                                                                        00:21 +386 ~2 -1: /app/test/unit/core/api/media_api_test.dart: MediaApi Audio Output getAudioOutput returns string                                                                                     00:21 +387 ~2 -1: /app/test/unit/core/api/media_api_test.dart: MediaApi Audio Output getAudioOutput returns string                                                                                     00:21 +387 ~2 -1: /app/test/unit/core/api/media_api_test.dart: MediaApi Audio Output listAudioOutputs returns list                                                                                     00:21 +388 ~2 -1: /app/test/unit/core/api/media_api_test.dart: MediaApi Audio Output listAudioOutputs returns list                                                                                     00:21 +388 ~2 -1: /app/test/unit/core/api/media_api_test.dart: MediaApi Audio Output setAudioOutput returns boolean                                                                                    00:21 +389 ~2 -1: /app/test/unit/core/api/media_api_test.dart: MediaApi Audio Output setAudioOutput returns boolean                                                                                    00:21 +389 ~2 -1: /app/test/unit/core/api/media_api_test.dart: MediaApi Brightness Controls getBrightness returns int                                                                                  00:21 +390 ~2 -1: /app/test/unit/core/api/media_api_test.dart: MediaApi Brightness Controls getBrightness returns int                                                                                  00:21 +390 ~2 -1: /app/test/unit/core/api/media_api_test.dart: MediaApi Brightness Controls getBrightness returns value in range 0-100                                                                 00:21 +391 ~2 -1: /app/test/unit/core/api/media_api_test.dart: MediaApi Brightness Controls getBrightness returns value in range 0-100                                                                 00:21 +391 ~2 -1: /app/test/unit/core/api/media_api_test.dart: MediaApi Brightness Controls setBrightness returns boolean                                                                              00:21 +392 ~2 -1: /app/test/unit/core/api/media_api_test.dart: MediaApi Brightness Controls setBrightness returns boolean                                                                              00:21 +392 ~2 -1: /app/test/unit/core/api/media_api_test.dart: MediaApi Brightness Controls setBrightness clamps values to 0-100                                                                       00:21 +393 ~2 -1: /app/test/unit/core/api/media_api_test.dart: MediaApi Brightness Controls setBrightness clamps values to 0-100                                                                       00:21 +393 ~2 -1: loading /app/test/unit/core/api/utils_api_test.dart                                                                                                                                  00:21 +393 ~2 -1: /app/test/unit/core/api/utils_api_test.dart: UtilsApi Bluetooth getBluetoothStatus returns string                                                                                    00:21 +394 ~2 -1: /app/test/unit/core/api/utils_api_test.dart: UtilsApi Bluetooth getBluetoothStatus returns string                                                                                    00:21 +394 ~2 -1: /app/test/unit/core/api/utils_api_test.dart: UtilsApi Bluetooth getBluetoothStatus returns valid status                                                                              00:21 +395 ~2 -1: /app/test/unit/core/api/utils_api_test.dart: UtilsApi Bluetooth getBluetoothStatus returns valid status                                                                              00:21 +395 ~2 -1: /app/test/unit/core/api/utils_api_test.dart: UtilsApi Bluetooth enableBluetooth returns boolean                                                                                      00:21 +396 ~2 -1: /app/test/unit/core/api/utils_api_test.dart: UtilsApi Bluetooth enableBluetooth returns boolean                                                                                      00:21 +396 ~2 -1: /app/test/unit/core/api/utils_api_test.dart: UtilsApi Bluetooth disableBluetooth returns boolean                                                                                     00:21 +397 ~2 -1: /app/test/unit/core/api/utils_api_test.dart: UtilsApi Bluetooth disableBluetooth returns boolean                                                                                     00:21 +397 ~2 -1: /app/test/unit/core/api/utils_api_test.dart: UtilsApi Bluetooth listBluetoothDevices returns list                                                                                    00:22 +398 ~2 -1: /app/test/unit/core/api/utils_api_test.dart: UtilsApi Bluetooth listBluetoothDevices returns list                                                                                    00:22 +398 ~2 -1: /app/test/unit/core/api/utils_api_test.dart: UtilsApi VPN getVpnStatus returns map                                                                                                   00:22 +399 ~2 -1: /app/test/unit/core/api/utils_api_test.dart: UtilsApi VPN getVpnStatus returns map                                                                                                   00:22 +399 ~2 -1: /app/test/unit/core/api/utils_api_test.dart: UtilsApi VPN getVpnStatus contains connected key                                                                                        00:22 +400 ~2 -1: /app/test/unit/core/api/utils_api_test.dart: UtilsApi VPN getVpnStatus contains connected key                                                                                        00:22 +400 ~2 -1: /app/test/unit/core/api/utils_api_test.dart: UtilsApi Screenshot takeScreenshot returns String or null                                                                               00:22 +401 ~2 -1: /app/test/unit/core/api/utils_api_test.dart: UtilsApi Screenshot takeScreenshot returns String or null                                                                               00:22 +401 ~2 -1: /app/test/unit/core/api/utils_api_test.dart: UtilsApi Screenshot takeScreenshot with clipboard option returns String or null                                                         00:22 +402 ~2 -1: /app/test/unit/core/api/utils_api_test.dart: UtilsApi Screenshot takeScreenshot with clipboard option returns String or null                                                         00:22 +402 ~2 -1: /app/test/unit/core/api/utils_api_test.dart: UtilsApi Screenshot takeScreenshot with custom path returns String or null                                                              00:22 +403 ~2 -1: /app/test/unit/core/api/utils_api_test.dart: UtilsApi Screenshot takeScreenshot with custom path returns String or null                                                              00:22 +403 ~2 -1: /app/test/unit/core/api/utils_api_test.dart: UtilsApi Wallpaper getWallpaper returns a string                                                                                        00:22 +404 ~2 -1: /app/test/unit/core/api/utils_api_test.dart: UtilsApi Wallpaper getWallpaper returns a string                                                                                        00:22 +404 ~2 -1: /app/test/unit/core/api/utils_api_test.dart: UtilsApi Wallpaper getWallpaper returns path or unknown                                                                                 00:22 +405 ~2 -1: /app/test/unit/core/api/utils_api_test.dart: UtilsApi Wallpaper getWallpaper returns path or unknown                                                                                 00:22 +405 ~2 -1: /app/test/unit/core/api/utils_api_test.dart: UtilsApi Wallpaper setWallpaper returns boolean                                                                                         00:22 +406 ~2 -1: /app/test/unit/core/api/utils_api_test.dart: UtilsApi Wallpaper setWallpaper returns boolean                                                                                         00:22 +406 ~2 -1: /app/test/unit/core/api/utils_api_test.dart: UtilsApi Wallpaper setWallpaper validates file exists                                                                                   00:22 +407 ~2 -1: /app/test/unit/core/api/utils_api_test.dart: UtilsApi Wallpaper setWallpaper validates file exists                                                                                   00:22 +407 ~2 -1: /app/test/unit/core/api/utils_api_test.dart: UtilsApi Power Management sleep returns boolean                                                                                         00:22 +408 ~2 -1: /app/test/unit/core/api/utils_api_test.dart: UtilsApi Power Management sleep returns boolean                                                                                         00:22 +408 ~2 -1: /app/test/unit/core/api/utils_api_test.dart: UtilsApi Power Management restart without confirmation returns false                                                                    00:22 +409 ~2 -1: /app/test/unit/core/api/utils_api_test.dart: UtilsApi Power Management restart without confirmation returns false                                                                    00:22 +409 ~2 -1: /app/test/unit/core/api/utils_api_test.dart: UtilsApi Power Management restart with confirmed=false returns false                                                                    00:22 +410 ~2 -1: /app/test/unit/core/api/utils_api_test.dart: UtilsApi Power Management restart with confirmed=false returns false                                                                    00:22 +410 ~2 -1: /app/test/unit/core/api/utils_api_test.dart: UtilsApi Power Management shutdown without confirmation returns false                                                                   00:22 +411 ~2 -1: /app/test/unit/core/api/utils_api_test.dart: UtilsApi Power Management shutdown without confirmation returns false                                                                   00:22 +411 ~2 -1: /app/test/unit/core/api/utils_api_test.dart: UtilsApi Power Management shutdown with confirmed=false returns false                                                                   00:22 +412 ~2 -1: /app/test/unit/core/api/utils_api_test.dart: UtilsApi Power Management shutdown with confirmed=false returns false                                                                   00:22 +412 ~2 -1: /app/test/unit/core/api/utils_api_test.dart: UtilsApi Notifications sendNotification returns boolean                                                                                 00:22 +413 ~2 -1: /app/test/unit/core/api/utils_api_test.dart: UtilsApi Notifications sendNotification returns boolean                                                                                 00:22 +413 ~2 -1: /app/test/unit/core/api/utils_api_test.dart: UtilsApi Notifications sendNotification with all options returns boolean                                                                00:22 +414 ~2 -1: /app/test/unit/core/api/utils_api_test.dart: UtilsApi Notifications sendNotification with all options returns boolean                                                                00:22 +414 ~2 -1: /app/test/unit/core/api/utils_api_test.dart: UtilsApi Notifications sendNotification with low priority returns boolean                                                               00:22 +415 ~2 -1: /app/test/unit/core/api/utils_api_test.dart: UtilsApi Notifications sendNotification with low priority returns boolean                                                               00:22 +415 ~2 -1: /app/test/unit/core/api/utils_api_test.dart: UtilsApi Notifications sendNotification with critical priority returns boolean                                                          00:22 +416 ~2 -1: /app/test/unit/core/api/utils_api_test.dart: UtilsApi Notifications sendNotification with critical priority returns boolean                                                          00:22 +416 ~2 -1: /app/test/unit/core/api/utils_api_test.dart: UtilsApi Do Not Disturb getDndStatus returns boolean                                                                                    00:22 +417 ~2 -1: /app/test/unit/core/api/utils_api_test.dart: UtilsApi Do Not Disturb getDndStatus returns boolean                                                                                    00:22 +417 ~2 -1: /app/test/unit/core/api/utils_api_test.dart: UtilsApi Do Not Disturb setDnd returns boolean                                                                                          00:22 +418 ~2 -1: /app/test/unit/core/api/utils_api_test.dart: UtilsApi Do Not Disturb setDnd returns boolean                                                                                          00:22 +418 ~2 -1: /app/test/unit/core/api/utils_api_test.dart: UtilsApi Open/Launch Utilities openUrl returns boolean                                                                                  00:22 +418 ~2 -1: /app/test/unit/core/api/utils_api_test.dart: UtilsApi Open/Launch Utilities openUrl returns boolean
  Skip: May open browser window
00:22 +418 ~3 -1: /app/test/unit/core/api/utils_api_test.dart: UtilsApi Open/Launch Utilities openUrl returns boolean                                                                                  00:22 +418 ~3 -1: /app/test/unit/core/api/utils_api_test.dart: UtilsApi Open/Launch Utilities openFile returns false for non-existent file                                                             00:22 +419 ~3 -1: /app/test/unit/core/api/utils_api_test.dart: UtilsApi Open/Launch Utilities openFile returns false for non-existent file                                                             00:22 +419 ~3 -1: /app/test/unit/core/api/utils_api_test.dart: UtilsApi Open/Launch Utilities openFile validates file exists                                                                           00:22 +420 ~3 -1: /app/test/unit/core/api/utils_api_test.dart: UtilsApi Open/Launch Utilities openFile validates file exists                                                                           00:22 +420 ~3 -1: /app/test/unit/core/api/utils_api_test.dart: UtilsApi Open/Launch Utilities openApp returns boolean                                                                                  00:22 +421 ~3 -1: /app/test/unit/core/api/utils_api_test.dart: UtilsApi Open/Launch Utilities openApp returns boolean                                                                                  00:22 +421 ~3 -1: loading /app/test/unit/core/api/system_api_test.dart                                                                                                                                 00:22 +421 ~3 -1: /app/test/unit/core/api/system_api_test.dart: SystemApi getCpuUsage returns a string                                                                                                 00:22 +422 ~3 -1: /app/test/unit/core/api/system_api_test.dart: SystemApi getCpuUsage returns a string                                                                                                 00:22 +422 ~3 -1: /app/test/unit/core/api/system_api_test.dart: SystemApi getCpuUsage returns numeric value or 0.0                                                                                     00:22 +423 ~3 -1: /app/test/unit/core/api/system_api_test.dart: SystemApi getCpuUsage returns numeric value or 0.0                                                                                     00:22 +423 ~3 -1: /app/test/unit/core/api/system_api_test.dart: SystemApi getMemoryUsage returns a string                                                                                              00:22 +424 ~3 -1: /app/test/unit/core/api/system_api_test.dart: SystemApi getMemoryUsage returns a string                                                                                              00:22 +424 ~3 -1: /app/test/unit/core/api/system_api_test.dart: SystemApi getMemoryUsage returns formatted memory or Unknown                                                                           00:22 +425 ~3 -1: /app/test/unit/core/api/system_api_test.dart: SystemApi getMemoryUsage returns formatted memory or Unknown                                                                           00:22 +425 ~3 -1: /app/test/unit/core/api/system_api_test.dart: SystemApi getBatteryStatus returns a string                                                                                            00:22 +426 ~3 -1: /app/test/unit/core/api/system_api_test.dart: SystemApi getBatteryStatus returns a string                                                                                            00:22 +426 ~3 -1: /app/test/unit/core/api/system_api_test.dart: SystemApi getBatteryStatus returns percentage or N/A                                                                                   00:22 +427 ~3 -1: /app/test/unit/core/api/system_api_test.dart: SystemApi getBatteryStatus returns percentage or N/A                                                                                   00:22 +427 ~3 -1: /app/test/unit/core/api/system_api_test.dart: SystemApi getUptime returns a string                                                                                                   00:22 +428 ~3 -1: /app/test/unit/core/api/system_api_test.dart: SystemApi getUptime returns a string                                                                                                   00:22 +428 ~3 -1: /app/test/unit/core/api/system_api_test.dart: SystemApi getUptime returns formatted uptime or Unknown                                                                                00:22 +429 ~3 -1: /app/test/unit/core/api/system_api_test.dart: SystemApi getUptime returns formatted uptime or Unknown                                                                                00:22 +429 ~3 -1: /app/test/unit/core/api/system_api_test.dart: SystemApi getDiskUsage returns a string                                                                                                00:22 +430 ~3 -1: /app/test/unit/core/api/system_api_test.dart: SystemApi getDiskUsage returns a string                                                                                                00:22 +430 ~3 -1: /app/test/unit/core/api/system_api_test.dart: SystemApi getDiskUsage accepts path parameter                                                                                          00:22 +431 ~3 -1: /app/test/unit/core/api/system_api_test.dart: SystemApi getDiskUsage accepts path parameter                                                                                          00:22 +431 ~3 -1: /app/test/unit/core/api/system_api_test.dart: SystemApi getOs returns operating system                                                                                               00:22 +432 ~3 -1: /app/test/unit/core/api/system_api_test.dart: SystemApi getOs returns operating system                                                                                               00:22 +432 ~3 -1: /app/test/unit/core/api/system_api_test.dart: SystemApi getOs returns one of known values                                                                                            00:22 +433 ~3 -1: /app/test/unit/core/api/system_api_test.dart: SystemApi getOs returns one of known values                                                                                            00:22 +433 ~3 -1: /app/test/unit/core/api/system_api_test.dart: SystemApi getOsDetails returns map with short and version                                                                              00:22 +434 ~3 -1: /app/test/unit/core/api/system_api_test.dart: SystemApi getOsDetails returns map with short and version                                                                              00:22 +434 ~3 -1: /app/test/unit/core/api/system_api_test.dart: SystemApi getOsDetails short matches getOs                                                                                             00:22 +435 ~3 -1: /app/test/unit/core/api/system_api_test.dart: SystemApi getOsDetails short matches getOs                                                                                             00:22 +435 ~3 -1: /app/test/unit/core/api/system_api_test.dart: SystemApi getOsDetails version is not empty                                                                                            00:22 +436 ~3 -1: /app/test/unit/core/api/system_api_test.dart: SystemApi getOsDetails version is not empty                                                                                            00:23 +436 ~3 -1: /app/test/unit/core/api/system_api_test.dart: SystemApi getOsDetails version is not empty                                                                                            00:23 +436 ~3 -1: loading /app/test/unit/cli/plugin_commands_test.dart                                                                                                                                 00:23 +436 ~3 -1: /app/test/unit/cli/plugin_commands_test.dart: RunPluginCommand executes plugin successfully                                                                                          00:23 +436 ~3 -1: /app/test/unit/cli/plugin_commands_test.dart: RunPluginCommand executes plugin successfully
 Test Output
00:23 +437 ~3 -1: /app/test/unit/cli/plugin_commands_test.dart: RunPluginCommand executes plugin successfully                                                                                          00:23 +437 ~3 -1: /app/test/unit/cli/plugin_commands_test.dart: RunPluginCommand fails if plugin not found                                                                                             Shell: Error: Plugin not found: non_existent.sh
00:23 +438 ~3 -1: /app/test/unit/cli/plugin_commands_test.dart: RunPluginCommand fails if plugin not found                                                                                             00:23 +438 ~3 -1: /app/test/unit/cli/plugin_commands_test.dart: RunPluginCommand fails if no plugin id provided                                                                                        Shell: Error: Plugin ID is required
Shell: Usage: crossbar run <plugin-id>
00:23 +439 ~3 -1: /app/test/unit/cli/plugin_commands_test.dart: RunPluginCommand fails if no plugin id provided                                                                                        00:23 +439 ~3 -1: /app/test/unit/cli/plugin_commands_test.dart: RunPluginCommand runs disabled plugin                                                                                                  00:23 +439 ~3 -1: /app/test/unit/cli/plugin_commands_test.dart: RunPluginCommand runs disabled plugin
 Disabled Output
00:23 +440 ~3 -1: /app/test/unit/cli/plugin_commands_test.dart: RunPluginCommand runs disabled plugin                                                                                                  00:23 +440 ~3 -1: loading /app/test/unit/cli/cli_output_test.dart                                                                                                                                      00:23 +440 ~3 -1: /app/test/unit/cli/cli_output_test.dart: CLI Output Formatting TimeCommand returns JSON                                                                                              00:23 +441 ~3 -1: /app/test/unit/cli/cli_output_test.dart: CLI Output Formatting TimeCommand returns JSON                                                                                              00:23 +441 ~3 -1: /app/test/unit/cli/cli_output_test.dart: CLI Output Formatting TimeCommand returns XML                                                                                               00:23 +442 ~3 -1: /app/test/unit/cli/cli_output_test.dart: CLI Output Formatting TimeCommand returns XML                                                                                               00:23 +442 ~3 -1: /app/test/unit/cli/cli_output_test.dart: CLI Output Formatting UuidCommand returns JSON                                                                                              00:23 +443 ~3 -1: /app/test/unit/cli/cli_output_test.dart: CLI Output Formatting UuidCommand returns JSON                                                                                              00:23 +443 ~3 -1: /app/test/unit/cli/cli_output_test.dart: CLI Output Formatting FileCommand exists returns JSON                                                                                       00:23 +444 ~3 -1: /app/test/unit/cli/cli_output_test.dart: CLI Output Formatting FileCommand exists returns JSON                                                                                       00:23 +444 ~3 -1: /app/test/unit/cli/cli_output_test.dart: CLI Output Formatting FileCommand exists returns XML                                                                                        00:23 +445 ~3 -1: /app/test/unit/cli/cli_output_test.dart: CLI Output Formatting FileCommand exists returns XML                                                                                        00:24 +445 ~3 -1: /app/test/unit/cli/cli_output_test.dart: CLI Output Formatting FileCommand exists returns XML                                                                                        00:24 +445 ~3 -1: loading /app/test/unit/cli/plugin_scaffolding_test.dart                                                                                                                              00:24 +445 ~3 -1: /app/test/unit/cli/plugin_scaffolding_test.dart: PluginScaffolding supportedLanguages contains all expected languages                                                                00:24 +446 ~3 -1: /app/test/unit/cli/plugin_scaffolding_test.dart: PluginScaffolding supportedLanguages contains all expected languages                                                                00:24 +446 ~3 -1: /app/test/unit/cli/plugin_scaffolding_test.dart: PluginScaffolding supportedLanguages has 6 languages                                                                                00:24 +447 ~3 -1: /app/test/unit/cli/plugin_scaffolding_test.dart: PluginScaffolding supportedLanguages has 6 languages                                                                                00:24 +447 ~3 -1: /app/test/unit/cli/plugin_scaffolding_test.dart: PluginScaffolding supportedTypes contains all expected types                                                                        00:24 +448 ~3 -1: /app/test/unit/cli/plugin_scaffolding_test.dart: PluginScaffolding supportedTypes contains all expected types                                                                        00:24 +448 ~3 -1: /app/test/unit/cli/plugin_scaffolding_test.dart: PluginScaffolding supportedTypes has 5 types                                                                                        00:24 +449 ~3 -1: /app/test/unit/cli/plugin_scaffolding_test.dart: PluginScaffolding supportedTypes has 5 types                                                                                        00:24 +449 ~3 -1: /app/test/unit/cli/plugin_scaffolding_test.dart: PluginScaffolding typeIntervals clock has 1s interval                                                                               00:24 +450 ~3 -1: /app/test/unit/cli/plugin_scaffolding_test.dart: PluginScaffolding typeIntervals clock has 1s interval                                                                               00:24 +450 ~3 -1: /app/test/unit/cli/plugin_scaffolding_test.dart: PluginScaffolding typeIntervals monitor has 10s interval                                                                            00:24 +451 ~3 -1: /app/test/unit/cli/plugin_scaffolding_test.dart: PluginScaffolding typeIntervals monitor has 10s interval                                                                            00:24 +451 ~3 -1: /app/test/unit/cli/plugin_scaffolding_test.dart: PluginScaffolding typeIntervals status has 30s interval                                                                             00:24 +452 ~3 -1: /app/test/unit/cli/plugin_scaffolding_test.dart: PluginScaffolding typeIntervals status has 30s interval                                                                             00:24 +452 ~3 -1: /app/test/unit/cli/plugin_scaffolding_test.dart: PluginScaffolding typeIntervals api has 5m interval                                                                                 00:24 +453 ~3 -1: /app/test/unit/cli/plugin_scaffolding_test.dart: PluginScaffolding typeIntervals api has 5m interval                                                                                 00:24 +453 ~3 -1: /app/test/unit/cli/plugin_scaffolding_test.dart: PluginScaffolding typeIntervals custom has 1m interval                                                                              00:24 +454 ~3 -1: /app/test/unit/cli/plugin_scaffolding_test.dart: PluginScaffolding typeIntervals custom has 1m interval                                                                              00:24 +454 ~3 -1: /app/test/unit/cli/plugin_scaffolding_test.dart: PluginScaffolding langExtensions bash has sh extension                                                                              00:24 +455 ~3 -1: /app/test/unit/cli/plugin_scaffolding_test.dart: PluginScaffolding langExtensions bash has sh extension                                                                              00:24 +455 ~3 -1: /app/test/unit/cli/plugin_scaffolding_test.dart: PluginScaffolding langExtensions python has py extension                                                                            00:24 +456 ~3 -1: /app/test/unit/cli/plugin_scaffolding_test.dart: PluginScaffolding langExtensions python has py extension                                                                            00:24 +456 ~3 -1: /app/test/unit/cli/plugin_scaffolding_test.dart: PluginScaffolding langExtensions node has js extension                                                                              00:24 +457 ~3 -1: /app/test/unit/cli/plugin_scaffolding_test.dart: PluginScaffolding langExtensions node has js extension                                                                              00:24 +457 ~3 -1: /app/test/unit/cli/plugin_scaffolding_test.dart: PluginScaffolding langExtensions dart has dart extension                                                                            00:24 +458 ~3 -1: /app/test/unit/cli/plugin_scaffolding_test.dart: PluginScaffolding langExtensions dart has dart extension                                                                            00:24 +458 ~3 -1: /app/test/unit/cli/plugin_scaffolding_test.dart: PluginScaffolding langExtensions go has go extension                                                                                00:24 +459 ~3 -1: /app/test/unit/cli/plugin_scaffolding_test.dart: PluginScaffolding langExtensions go has go extension                                                                                00:24 +459 ~3 -1: /app/test/unit/cli/plugin_scaffolding_test.dart: PluginScaffolding langExtensions rust has rs extension                                                                              00:24 +460 ~3 -1: /app/test/unit/cli/plugin_scaffolding_test.dart: PluginScaffolding langExtensions rust has rs extension                                                                              00:24 +460 ~3 -1: /app/test/unit/cli/plugin_scaffolding_test.dart: PluginScaffolding createPlugin creates bash plugin                                                                                  00:24 +461 ~3 -1: /app/test/unit/cli/plugin_scaffolding_test.dart: PluginScaffolding createPlugin creates bash plugin                                                                                  00:24 +461 ~3 -1: /app/test/unit/cli/plugin_scaffolding_test.dart: PluginScaffolding createPlugin creates config file alongside plugin                                                                 00:24 +462 ~3 -1: /app/test/unit/cli/plugin_scaffolding_test.dart: PluginScaffolding createPlugin creates config file alongside plugin                                                                 00:24 +462 ~3 -1: /app/test/unit/cli/plugin_scaffolding_test.dart: PluginScaffolding createPlugin creates plugin in root directory                                                                     00:24 +463 ~3 -1: /app/test/unit/cli/plugin_scaffolding_test.dart: PluginScaffolding createPlugin creates plugin in root directory                                                                     00:24 +463 ~3 -1: /app/test/unit/cli/plugin_scaffolding_test.dart: PluginScaffolding createPlugin uses correct interval for type                                                                       00:24 +464 ~3 -1: /app/test/unit/cli/plugin_scaffolding_test.dart: PluginScaffolding createPlugin uses correct interval for type                                                                       00:24 +464 ~3 -1: /app/test/unit/cli/plugin_scaffolding_test.dart: PluginScaffolding createPlugin returns null for unsupported language                                                                00:24 +465 ~3 -1: /app/test/unit/cli/plugin_scaffolding_test.dart: PluginScaffolding createPlugin returns null for unsupported language                                                                00:24 +465 ~3 -1: /app/test/unit/cli/plugin_scaffolding_test.dart: PluginScaffolding createPlugin returns null for unsupported type                                                                    00:24 +466 ~3 -1: /app/test/unit/cli/plugin_scaffolding_test.dart: PluginScaffolding createPlugin returns null for unsupported type                                                                    00:24 +466 ~3 -1: /app/test/unit/cli/plugin_scaffolding_test.dart: PluginScaffolding createPlugin generates default name when not provided                                                             00:24 +467 ~3 -1: /app/test/unit/cli/plugin_scaffolding_test.dart: PluginScaffolding createPlugin generates default name when not provided                                                             00:24 +467 ~3 -1: /app/test/unit/cli/plugin_scaffolding_test.dart: PluginScaffolding createPlugin generated bash plugin is executable                                                                  00:24 +468 ~3 -1: /app/test/unit/cli/plugin_scaffolding_test.dart: PluginScaffolding createPlugin generated bash plugin is executable                                                                  00:24 +468 ~3 -1: /app/test/unit/cli/plugin_scaffolding_test.dart: PluginScaffolding createPlugin generated python plugin runs successfully                                                            00:25 +468 ~3 -1: /app/test/unit/cli/plugin_scaffolding_test.dart: PluginScaffolding createPlugin generated python plugin runs successfully                                                            00:25 +469 ~3 -1: /app/test/unit/cli/plugin_scaffolding_test.dart: PluginScaffolding createPlugin generated python plugin runs successfully                                                            00:25 +469 ~3 -1: /app/test/unit/cli/plugin_scaffolding_test.dart: PluginScaffolding createPlugin generated go plugin compiles and runs                                                                00:25 +470 ~3 -1: /app/test/unit/cli/plugin_scaffolding_test.dart: PluginScaffolding createPlugin generated go plugin compiles and runs                                                                00:25 +470 ~3 -1: /app/test/unit/cli/plugin_scaffolding_test.dart: PluginInstaller installFromGitHub returns null for non-GitHub URL                                                                   00:25 +471 ~3 -1: /app/test/unit/cli/plugin_scaffolding_test.dart: PluginInstaller installFromGitHub returns null for non-GitHub URL                                                                   00:25 +471 ~3 -1: /app/test/unit/cli/plugin_scaffolding_test.dart: PluginInstaller installFromGitHub returns null for invalid GitHub URL                                                               00:25 +472 ~3 -1: /app/test/unit/cli/plugin_scaffolding_test.dart: PluginInstaller installFromGitHub returns null for invalid GitHub URL                                                               00:25 +472 ~3 -1: /app/test/unit/cli/plugin_scaffolding_test.dart: PluginInstaller installFromGitHub returns null for malformed URL                                                                    00:25 +473 ~3 -1: /app/test/unit/cli/plugin_scaffolding_test.dart: PluginInstaller installFromGitHub returns null for malformed URL                                                                    00:25 +473 ~3 -1: Some tests failed.
